// Jest Snapshot v1, https://goo.gl/fbAQLP

exports[`applications/BUC/components/SEDStart/SEDStart Render: match snapshot 1`] = `
.c18 {
  display: -webkit-box;
  display: -webkit-flex;
  display: -ms-flexbox;
  display: flex;
  width: 100%;
  -webkit-flex-direction: column;
  -ms-flex-direction: column;
  flex-direction: column;
}

ui-fss.g7[id="c17"] {
  content: "c18,";
}

.c5 {
  display: -webkit-box;
  display: -webkit-flex;
  display: -ms-flexbox;
  display: flex;
  margin-left: -0.5rem;
  margin-right: -0.5rem;
  -webkit-flex-direction: column;
  -ms-flex-direction: column;
  flex-direction: column;
}

ui-fss.g21[id="c4"] {
  content: "c5,";
}

.c7 {
  -webkit-flex: 1;
  -ms-flex: 1;
  flex: 1;
  margin-left: 0.5rem;
  margin-right: 0.5rem;
}

ui-fss.g25[id="c6"] {
  content: "c7,";
}

.c14 {
  display: inline-block;
  margin-left: 1rem;
}

ui-fss.g31[id="c13"] {
  content: "c14,";
}

.c9 {
  margin-bottom: 2rem;
}

.c10 {
  margin-bottom: 1rem;
}

.c19 {
  margin-bottom: 1.5rem;
}

ui-fss.g32[id="c8"] {
  content: "c9,c10,c19,";
}

.c16 .skjemaelement--feilmelding .multipleSelect--control {
  border: 1px solid;
}

ui-fss.g85[id="c15"] {
  content: "c16,";
}

.c3 {
  height: 1px;
  background: linear-gradient(90deg,var(--navds-semantic-color-canvas-background) 0%,var(--navds-semantic-color-border) 5%,var(--navds-semantic-color-border) 95%,var(--navds-semantic-color-canvas-background) 100% );
  width: -webkit-fill-available;
  margin-left: 2rem;
  margin-right: 2rem;
}

ui-fss.g89[id="c2"] {
  content: "c3,";
}

.c12 {
  display: -webkit-box;
  display: -webkit-flex;
  display: -ms-flexbox;
  display: flex;
  -webkit-align-items: flex-end;
  -webkit-box-align: flex-end;
  -ms-flex-align: flex-end;
  align-items: flex-end;
}

ui-fss.g100[id="c11"] {
  content: "c12,";
}

.c1 {
  display: -webkit-box;
  display: -webkit-flex;
  display: -ms-flexbox;
  display: flex;
  -webkit-flex-direction: column;
  -ms-flex-direction: column;
  flex-direction: column;
}

ui-fss.g104[id="c0"] {
  content: "c1,";
}

@media (min-width:768px) {
  .c5 {
    -webkit-flex-direction: row;
    -ms-flex-direction: row;
    flex-direction: row;
  }
}

<div
  class="c0 c1"
>
  <h1
    class="navds-heading navds-heading--medium"
  >
    buc:step-startSEDTitle
  </h1>
  <div
    class="c2 c3"
  />
  <div
    class="c4 c5"
  >
    <div
      class="c6 c7"
    >
      <div
        class="c8 c9"
        size="2"
      />
      <label
        class="navds-text-field--label navds-label"
      >
        buc:form-chooseSed
      </label>
      <div
        class=""
        data-testid="a_buc_c_sedstart--sed-select-id"
      >
        <div
          class=" css-91gbow-container"
          id="a_buc_c_sedstart--sed-select-id"
        >
          <span
            class="css-1f43avz-a11yText-A11yText"
            id="react-select-4-live-region"
          />
          <span
            aria-atomic="false"
            aria-live="polite"
            aria-relevant="additions text"
            class="css-1f43avz-a11yText-A11yText"
          />
          <div
            class=" css-1q6azai-control"
          >
            <div
              class=" css-319lph-ValueContainer"
            >
              <div
                class=" css-14el2xx-placeholder"
                id="react-select-4-placeholder"
              />
              <div
                class=" css-6j8wv5-Input"
                data-value=""
              >
                <input
                  aria-autocomplete="list"
                  aria-describedby="react-select-4-placeholder"
                  aria-expanded="false"
                  aria-haspopup="true"
                  autocapitalize="none"
                  autocomplete="off"
                  autocorrect="off"
                  class=""
                  id="a_buc_c_sedstart--sed-select-id"
                  role="combobox"
                  spellcheck="false"
                  style="opacity: 1; width: 100%; grid-area: 1 / 2; min-width: 2px; border: 0px; margin: 0px; outline: 0; padding: 0px;"
                  tabindex="0"
                  type="text"
                  value=""
                />
              </div>
            </div>
            <div
              class=" css-1hb7zxy-IndicatorsContainer"
            >
              <span
                class=" css-1pm5dtp-indicatorSeparator"
              />
              <div
                aria-hidden="true"
                class=" css-tlfecz-indicatorContainer"
              >
                <svg
                  aria-hidden="true"
                  class="css-tj5bde-Svg"
                  focusable="false"
                  height="20"
                  viewBox="0 0 20 20"
                  width="20"
                >
                  <path
                    d="M4.516 7.548c0.436-0.446 1.043-0.481 1.576 0l3.908 3.747 3.908-3.747c0.533-0.481 1.141-0.446 1.574 0 0.436 0.445 0.408 1.197 0 1.615-0.406 0.418-4.695 4.502-4.695 4.502-0.217 0.223-0.502 0.335-0.787 0.335s-0.57-0.112-0.789-0.335c0 0-4.287-4.084-4.695-4.502s-0.436-1.17 0-1.615z"
                  />
                </svg>
              </div>
            </div>
          </div>
        </div>
      </div>
      <div
        class="c8 c10"
      />
      <div
        class="c11 c12"
        data-testid="a_buc_c_sedstart--avdod-div-id"
      >
        <svg
          fill="none"
          focusable="false"
          height="1em"
          role="img"
          viewBox="0 0 24 24"
          width="1em"
          xmlns="http://www.w3.org/2000/svg"
        >
          <path
            clip-rule="evenodd"
            d="M9 7a3 3 0 1 1 6 0 3 3 0 0 1-6 0Zm3-5a5 5 0 1 0 0 10 5 5 0 0 0 0-10ZM6 21a6 6 0 0 1 12 0v1h2v-1a8 8 0 1 0-16 0v1h2v-1Z"
            fill="currentColor"
            fill-rule="evenodd"
          />
        </svg>
        <div
          class="c13 c14"
        />
        <label
          class="navds-text-field--label navds-label"
        >
          buc:form-avdod
          :
        </label>
        <div
          class="c13 c14"
        />
        <p
          class="navds-body-long"
        >
          MOR AVDÃ˜D1 - personFarFnr (buc:relasjon-MOR)
        </p>
      </div>
      <div
        class="c8 c10"
      />
      <div
        class=""
      >
        <label
          class="navds-text-field__label navds-label"
          for="a_buc_c_sedstart--country-select-id"
        >
          buc:form-chooseCountry
        </label>
        <div
          class="c-countrySelect__select css-91gbow-container"
        >
          <span
            class="css-7pg0cj-a11yText"
            id="react-select-3-live-region"
          />
          <span
            aria-atomic="false"
            aria-live="polite"
            aria-relevant="additions text"
            class="css-7pg0cj-a11yText"
          />
          <div
            class="c-countrySelect__select__control css-1eu03fr-control"
          >
            <div
              class="c-countrySelect__select__value-container c-countrySelect__select__value-container--is-multi css-1d8n9bt"
            >
              <div
                class="c-countrySelect__select__placeholder css-14el2xx-placeholder"
                id="react-select-3-placeholder"
              />
              <div
                class="c-countrySelect__select__input-container css-ackcql"
                data-value=""
              >
                <input
                  aria-autocomplete="list"
                  aria-describedby="react-select-3-placeholder"
                  aria-expanded="false"
                  aria-haspopup="true"
                  aria-label="ui:country"
                  autocapitalize="none"
                  autocomplete="off"
                  autocorrect="off"
                  class="c-countrySelect__select__input"
                  id="a_buc_c_sedstart--country-select-id"
                  role="combobox"
                  spellcheck="false"
                  style="opacity: 1; width: 100%; grid-area: 1 / 2; min-width: 2px; border: 0px; margin: 0px; outline: 0; padding: 0px;"
                  tabindex="0"
                  type="text"
                  value=""
                />
              </div>
            </div>
            <div
              class="c-countrySelect__select__indicators css-1wy0on6"
            >
              <span
                class="c-countrySelect__select__indicator-separator css-1pm5dtp-indicatorSeparator"
              />
              <div
                aria-hidden="true"
                class="c-countrySelect__select__indicator c-countrySelect__select__dropdown-indicator css-tlfecz-indicatorContainer"
              >
                <svg
                  aria-hidden="true"
                  class="css-8mmkcg"
                  focusable="false"
                  height="20"
                  viewBox="0 0 20 20"
                  width="20"
                >
                  <path
                    d="M4.516 7.548c0.436-0.446 1.043-0.481 1.576 0l3.908 3.747 3.908-3.747c0.533-0.481 1.141-0.446 1.574 0 0.436 0.445 0.408 1.197 0 1.615-0.406 0.418-4.695 4.502-4.695 4.502-0.217 0.223-0.502 0.335-0.787 0.335s-0.57-0.112-0.789-0.335c0 0-4.287-4.084-4.695-4.502s-0.436-1.17 0-1.615z"
                  />
                </svg>
              </div>
            </div>
          </div>
        </div>
      </div>
      <div
        class="c8 c10"
      />
      <div
        class="c15 c16"
      >
        <label
          class="navds-text-field--label navds-label"
          for="a_buc_c_sedstart--institution-select-id"
        >
          buc:form-chooseInstitution
        </label>
        <div
          class="multipleSelect css-91gbow-container"
        >
          <span
            class="css-1f43avz-a11yText-A11yText"
            id="react-select-5-live-region"
          />
          <span
            aria-atomic="false"
            aria-live="polite"
            aria-relevant="additions text"
            class="css-1f43avz-a11yText-A11yText"
          />
          <div
            class="multipleSelect__control css-1q6azai-control"
          >
            <div
              class="multipleSelect__value-container multipleSelect__value-container--is-multi css-319lph-ValueContainer"
            >
              <div
                class="multipleSelect__placeholder css-14el2xx-placeholder"
                id="react-select-5-placeholder"
              />
              <div
                class="multipleSelect__input-container css-6j8wv5-Input"
                data-value=""
              >
                <input
                  aria-autocomplete="list"
                  aria-describedby="react-select-5-placeholder"
                  aria-expanded="false"
                  aria-haspopup="true"
                  aria-label="ui:institution"
                  autocapitalize="none"
                  autocomplete="off"
                  autocorrect="off"
                  class="multipleSelect__input"
                  id="a_buc_c_sedstart--institution-select-id"
                  role="combobox"
                  spellcheck="false"
                  style="opacity: 1; width: 100%; grid-area: 1 / 2; min-width: 2px; border: 0px; margin: 0px; outline: 0; padding: 0px;"
                  tabindex="0"
                  type="text"
                  value=""
                />
              </div>
            </div>
            <div
              class="multipleSelect__indicators css-1hb7zxy-IndicatorsContainer"
            >
              <span
                class="multipleSelect__indicator-separator css-141yg44-indicatorSeparator"
              />
              <div
                aria-hidden="true"
                class="multipleSelect__indicator multipleSelect__dropdown-indicator css-tlfecz-indicatorContainer"
              >
                <svg
                  aria-hidden="true"
                  class="css-tj5bde-Svg"
                  focusable="false"
                  height="20"
                  viewBox="0 0 20 20"
                  width="20"
                >
                  <path
                    d="M4.516 7.548c0.436-0.446 1.043-0.481 1.576 0l3.908 3.747 3.908-3.747c0.533-0.481 1.141-0.446 1.574 0 0.436 0.445 0.408 1.197 0 1.615-0.406 0.418-4.695 4.502-4.695 4.502-0.217 0.223-0.502 0.335-0.787 0.335s-0.57-0.112-0.789-0.335c0 0-4.287-4.084-4.695-4.502s-0.436-1.17 0-1.615z"
                  />
                </svg>
              </div>
            </div>
          </div>
        </div>
      </div>
      <div
        class="c8 c9"
        size="2"
      />
      <label
        class="navds-text-field--label navds-label"
      >
        buc:form-chosenInstitutions
      </label>
      <div
        class="c8 c10"
      />
      <div
        class=""
      >
        <div
          class="c17 c18"
        >
          <p
            class="navds-body-long"
          >
            buc:form-noInstitutionYet
          </p>
        </div>
      </div>
      <div
        class="c6 c7"
      >
        <div
          class="c8 c19"
          size="1.5"
        />
        <button
          class="navds-button navds-button--primary navds-button--medium"
          data-amplitude="sed.new.create"
          data-testid="a_buc_c_sedstart--forward-button-id"
        >
          <span
            aria-live="polite"
            class="navds-label"
          >
            buc:form-orderSED
          </span>
        </button>
        <div
          class="c13 c14"
        />
        <button
          class="navds-button navds-button--tertiary navds-button--medium"
          data-amplitude="sed.new.cancel"
          data-testid="a_buc_c_sedstart--cancel-button-id"
        >
          <span
            aria-live="polite"
            class="navds-label"
          >
            ui:cancel
          </span>
        </button>
        <div
          class="c8 c19"
          size="1.5"
        />
      </div>
    </div>
    <div
      class="c13 c14"
    />
    <div
      class="c6 c7"
    >
      <div
        class="c6 c7"
      />
    </div>
  </div>
</div>
`;
