// Jest Snapshot v1, https://goo.gl/fbAQLP

exports[`applications/BUC/widgets/SEDNew/SEDNew Renders 1`] = `
<SEDNew
  bucs={Object {}}
  setMode={[MockFunction]}
>
  <div
    onMouseEnter={[Function]}
    onMouseLeave={[Function]}
  >
    <Panel
      border={false}
      className="a-buc-p-sednew s-border"
    >
      <div
        className="panel a-buc-p-sednew s-border"
      >
        <Component
          bucs={Object {}}
          setMode={[MockFunction]}
        >
          <div
            className="mock-sedstart"
          />
        </Component>
      </div>
    </Panel>
  </div>
</SEDNew>
`;
