// Jest Snapshot v1, https://goo.gl/fbAQLP

exports[`EESSIPensjonVeilederPanel Rendering Renders 1`] = `
<EESSIPensjonVeilederPanel>
  <div
    className="c-EESSIPensjonVeilederPanel"
  >
    <Veilederpanel
      kompakt={true}
      svg={<EESSIPensjonVeileder />}
      type="normal"
    >
      <div
        className="nav-veilederpanel nav-veilederpanel--kompakt"
      >
        <Veileder
          fargetema="normal"
          posisjon="flytende"
          storrelse="S"
          type="normal"
        >
          <div
            className="nav-veileder nav-veileder--flytende"
          >
            <div
              className="nav-veileder__frame nav-veileder__frame--s"
            >
              <EESSIPensjonVeileder>
                <div
                  className="c-EESSIPensjonVeileder"
                >
                  <img
                    alt="nav-smilende-veileder"
                    height={130}
                    src="navPensjonSmilendeOrangeVeileder.png"
                    width={130}
                  />
                </div>
              </EESSIPensjonVeileder>
            </div>
          </div>
        </Veileder>
        <div
          className="nav-veilederpanel__content"
        >
          <div
            className="child"
          />
        </div>
      </div>
    </Veilederpanel>
  </div>
</EESSIPensjonVeilederPanel>
`;
