// Jest Snapshot v1, https://goo.gl/fbAQLP

exports['components/Footer Renders 1'] = `
<Footer
  footerOpen={true}
  params={Object {}}
>
  <footer
    className="c-footer toggled"
    role="contentinfo"
  >
    <div
      className="contents"
    >
      <div
        className="footerButtonOpen"
        onClick={[Function]}
      >
        ▼
      </div>
      <div
        className="c-footer__form"
      >
        <Select
          bredde="fullbredde"
          className="c-footer__select"
          disabled={false}
          id="c-footer__select-id"
          label=""
          onChange={[Function]}
        >
          <div
            className="skjemaelement c-footer__select"
          >
            <div
              className="selectContainer input--fullbredde"
            >
              <select
                aria-invalid={false}
                className="skjemaelement__input"
                disabled={false}
                id="c-footer__select-id"
                onChange={[Function]}
              >
                <option
                  value=""
                >
                  --
                </option>
                <option
                  key="buc"
                  value="buc"
                >
                  buc
                </option>
                <option
                  key="sed"
                  value="sed"
                >
                  sed
                </option>
                <option
                  key="rinaId"
                  value="rinaId"
                >
                  rinaId
                </option>
                <option
                  key="sakId"
                  value="sakId"
                >
                  sakId
                </option>
                <option
                  key="aktoerId"
                  value="aktoerId"
                >
                  aktoerId
                </option>
                <option
                  key="avdodfnr"
                  value="avdodfnr"
                >
                  avdodfnr
                </option>
                <option
                  key="vedtakId"
                  value="vedtakId"
                >
                  vedtakId
                </option>
                <option
                  key="kravId"
                  value="kravId"
                >
                  kravId
                </option>
                <option
                  key="fnr"
                  value="fnr"
                >
                  fnr
                </option>
                <option
                  key="mottaker"
                  value="mottaker"
                >
                  mottaker
                </option>
              </select>
            </div>
          </div>
        </Select>
        <Input
          bredde="fullbredde"
          className="c-footer__input"
          id="c-footer__input-id"
          label=""
          onChange={[Function]}
          value=""
        >
          <div
            className="skjemaelement c-footer__input"
          >
            <input
              aria-invalid={false}
              className="skjemaelement__input input--fullbredde"
              id="c-footer__input-id"
              onChange={[Function]}
              type="text"
              value=""
            />
          </div>
        </Input>
        <Knapp
          className="c-footer__add-button"
          id="c-footer__add-button-id"
          onClick={[Function]}
        >
          <KnappBase
            autoDisableVedSpinner={false}
            className="c-footer__add-button"
            disabled={false}
            htmlType="submit"
            id="c-footer__add-button-id"
            inaktivKlasseVedDisabled={false}
            kompakt={false}
            mini={false}
            onClick={[Function]}
            spinner={false}
            type="standard"
          >
            <button
              className="knapp c-footer__add-button knapp--standard"
              disabled={false}
              id="c-footer__add-button-id"
              onClick={[Function]}
              type="submit"
            >
               + 
            </button>
          </KnappBase>
        </Knapp>
      </div>
    </div>
    <div
      className="c-footer__params"
    >
      <Hovedknapp
        onClick={[Function]}
        size={10}
      >
        <KnappBase
          autoDisableVedSpinner={false}
          className={null}
          disabled={false}
          htmlType="submit"
          inaktivKlasseVedDisabled={false}
          kompakt={false}
          mini={false}
          onClick={[Function]}
          size={10}
          spinner={false}
          type="hoved"
        >
          <button
            className="knapp knapp--hoved"
            disabled={false}
            onClick={[Function]}
            size={10}
            type="submit"
          >
            Do Not Click
          </button>
        </KnappBase>
      </Hovedknapp>
    </div>
  </footer>
</Footer>
`
