// Jest Snapshot v1, https://goo.gl/fbAQLP

exports[`components/WaitingPanel/WaitingPanel Render: match snapshot 1`] = `
.c1 {
  display: -webkit-box;
  display: -webkit-flex;
  display: -ms-flexbox;
  display: flex;
  -webkit-align-items: center;
  -webkit-box-align: center;
  -ms-flex-align: center;
  align-items: center;
  -webkit-flex-direction: column;
  -ms-flex-direction: column;
  flex-direction: column;
}

.c1.rowDirection {
  -webkit-flex-direction: row;
  -ms-flex-direction: row;
  flex-direction: row;
}

.c1 .oneLine {
  display: inline-block;
  vertical-align: top;
}

ui-fss.g40[id="c0"] {
  content: "c1,";
}

<div
  class="c0 c1"
  data-testid="c-WaitingPanel"
>
  <svg
    aria-labelledby="loader-:r0:"
    class="navds-loader navds-loader--medium navds-loader--neutral"
    focusable="false"
    preserveAspectRatio="xMidYMid"
    type="medium"
    viewBox="0 0 50 50"
  >
    <title
      id="loader-:r0:"
    >
      venter...
    </title>
    <circle
      class="navds-loader__background"
      cx="25"
      cy="25"
      fill="none"
      r="20"
      xmlns="http://www.w3.org/2000/svg"
    />
    <circle
      class="navds-loader__foreground"
      cx="25"
      cy="25"
      fill="none"
      r="20"
      stroke-dasharray="50 155"
    />
  </svg>
</div>
`;
