// Jest Snapshot v1, https://goo.gl/fbAQLP

exports[`components/Header/Header Render: match snapshot 1`] = `
.c15 {
  display: inline-block;
  margin-left: 1rem;
}

ui-fss.g31[id="c14"] {
  content: "c15,";
}

.c3 {
  -webkit-align-items: center;
  -webkit-box-align: center;
  -ms-flex-align: center;
  align-items: center;
  display: -webkit-box;
  display: -webkit-flex;
  display: -ms-flexbox;
  display: flex;
  -webkit-flex-direction: row;
  -ms-flex-direction: row;
  flex-direction: row;
}

.c3 * {
  font-size: inherit;
  line-height: inherit;
}

ui-fss.g49[id="c2"] {
  content: "c3,";
}

.c1 {
  display: -webkit-box;
  display: -webkit-flex;
  display: -ms-flexbox;
  display: flex;
  -webkit-flex-direction: row;
  -ms-flex-direction: row;
  flex-direction: row;
  height: 4rem;
  -webkit-box-pack: justify;
  -webkit-justify-content: space-between;
  -ms-flex-pack: justify;
  justify-content: space-between;
  -webkit-align-items: center;
  -webkit-box-align: center;
  -ms-flex-align: center;
  align-items: center;
  -webkit-flex-shrink: 0;
  -ms-flex-negative: 0;
  flex-shrink: 0;
}

ui-fss.g50[id="c0"] {
  content: "c1,";
}

.c9 {
  font-size: 1.5rem;
}

ui-fss.g51[id="c8"] {
  content: "c9,";
}

.c17 {
  margin: auto 0px;
  padding: 0.3em;
}

ui-fss.g52[id="c16"] {
  content: "c17,";
}

.c13 {
  color: white;
}

ui-fss.g53[id="c12"] {
  content: "c13,";
}

.c5 {
  border-left: 1px solid;
  display: -webkit-box;
  display: -webkit-flex;
  display: -ms-flexbox;
  display: flex;
  height: 30px;
  width: 1px;
  margin-left: 1rem;
}

ui-fss.g54[id="c4"] {
  content: "c5,";
}

.c7 {
  display: -webkit-box;
  display: -webkit-flex;
  display: -ms-flexbox;
  display: flex;
  font-size: 13pt;
  padding-left: 15px;
}

ui-fss.g55[id="c6"] {
  content: "c7,";
}

.c11 {
  -webkit-align-items: flex-end;
  -webkit-box-align: flex-end;
  -ms-flex-align: flex-end;
  align-items: flex-end;
  display: -webkit-box;
  display: -webkit-flex;
  display: -ms-flexbox;
  display: flex;
  -webkit-flex-direction: row;
  -ms-flex-direction: row;
  flex-direction: row;
  -webkit-align-items: center;
  -webkit-box-align: center;
  -ms-flex-align: center;
  align-items: center;
}

ui-fss.g56[id="c10"] {
  content: "c11,";
}

.c19 {
  padding: 0.45rem;
  padding-left: 0.5rem;
  padding-right: 1.6rem;
}

ui-fss.g57[id="c18"] {
  content: "c19,";
}

<Header
  highContrast={false}
  username="testUser"
>
  <styled.header
    role="banner"
  >
    <header
      className="c0 c1"
      role="banner"
    >
      <styled.div>
        <div
          className="c2 c3"
        >
          <a
            data-testid="c-header__logo-link"
            href="#index"
            onClick={[Function]}
          >
            <NavLogoTransparent
              color="white"
              height="45"
              width="100"
            >
              <svg
                height="45"
                version="1.1"
                viewBox="0 0 269 169"
                width="100"
                xmlns="http://www.w3.org/2000/svg"
              >
                <title>
                  NAV logo
                </title>
                <desc>
                  Created with Sketch.
                </desc>
                <defs>
                  <polygon
                    id="path-1"
                    points="22.407 43.4168 22.407 0.6878 0.5635 0.6878 0.5635 43.4168 22.407 43.4168"
                  />
                </defs>
                <g
                  fill="none"
                  fillRule="evenodd"
                  id="Modul-forslag"
                  stroke="none"
                  strokeWidth="1"
                >
                  <g
                    id="NAV-logo"
                  >
                    <g
                      id="Page-1-Copy"
                    >
                      <polygon
                        fill="white"
                        id="Fill-3"
                        points="0 121.3588 17.265 78.6298 33.854 78.6298 16.611 121.3588"
                      />
                      <polygon
                        fill="white"
                        id="Fill-5"
                        points="213.044 121.3588 230.088 78.6298 239.132 78.6298 222.089 121.3588"
                      />
                      <g
                        id="Group-9"
                        transform="translate(246.000000, 77.942000)"
                      >
                        <mask
                          fill="white"
                          id="mask-2"
                        >
                          <use
                            xlinkHref="#path-1"
                          />
                        </mask>
                        <g
                          id="Clip-8"
                        />
                        <polygon
                          fill="white"
                          id="Fill-7"
                          mask="url(#mask-2)"
                          points="0.5635 43.4168 17.6045 0.6878 22.4075 0.6878 5.3645 43.4168"
                        />
                      </g>
                      <path
                        d="M125.3091,168.942 C78.6681,168.942 40.8491,131.125 40.8491,84.477 C40.8491,37.824 78.6681,0 125.3091,0 C171.9671,0 209.7901,37.824 209.7901,84.477 C209.7901,131.125 171.9671,168.942 125.3091,168.942 Z M197.3604,78.6298 L182.3444,78.6298 C182.3444,78.6298 181.3094,78.6298 180.9434,79.5438 L172.6334,104.9828 L164.3304,79.5438 C163.9644,78.6298 162.9234,78.6298 162.9234,78.6298 L134.0514,78.6298 C133.4264,78.6298 132.9024,79.1518 132.9024,79.7728 L132.9024,88.4118 C132.9024,81.5588 125.6104,78.6298 121.3404,78.6298 C111.7784,78.6298 105.3774,84.9278 103.3844,94.5028 C103.2764,88.1508 102.7484,85.8748 101.0374,83.5438 C100.2514,82.4018 99.1154,81.4418 97.8784,80.6478 C95.3314,79.1558 93.0444,78.6298 88.1294,78.6298 L82.3584,78.6298 C82.3584,78.6298 81.3154,78.6298 80.9474,79.5438 L75.6964,92.5568 L75.6964,79.7728 C75.6964,79.1518 75.1764,78.6298 74.5524,78.6298 L61.1984,78.6298 C61.1984,78.6298 60.1674,78.6298 59.7924,79.5438 L54.3334,93.0748 C54.3334,93.0748 53.7884,94.4278 55.0344,94.4278 L60.1674,94.4278 L60.1674,120.2118 C60.1674,120.8518 60.6714,121.3588 61.3144,121.3588 L74.5524,121.3588 C75.1764,121.3588 75.6964,120.8518 75.6964,120.2118 L75.6964,94.4278 L80.8564,94.4278 C83.8174,94.4278 84.4444,94.5088 85.5964,95.0458 C86.2904,95.3078 86.9154,95.8378 87.2564,96.4488 C87.9544,97.7628 88.1294,99.3408 88.1294,103.9938 L88.1294,120.2118 C88.1294,120.8518 88.6434,121.3588 89.2784,121.3588 L101.9664,121.3588 C101.9664,121.3588 103.4004,121.3588 103.9674,119.9428 L106.7794,112.9928 C110.5184,118.2298 116.6724,121.3588 124.3204,121.3588 L125.9914,121.3588 C125.9914,121.3588 127.4344,121.3588 128.0054,119.9428 L132.9024,107.8148 L132.9024,120.2118 C132.9024,120.8518 133.4264,121.3588 134.0514,121.3588 L147.0034,121.3588 C147.0034,121.3588 148.4324,121.3588 149.0064,119.9428 C149.0064,119.9428 154.1864,107.0818 154.2064,106.9848 L154.2144,106.9848 C154.4134,105.9148 153.0614,105.9148 153.0614,105.9148 L148.4384,105.9148 L148.4384,83.8468 L162.9834,119.9428 C163.5514,121.3588 164.9834,121.3588 164.9834,121.3588 L180.2844,121.3588 C180.2844,121.3588 181.7244,121.3588 182.2924,119.9428 L198.4174,80.0138 C198.9754,78.6298 197.3604,78.6298 197.3604,78.6298 Z M132.9024,105.9148 L124.2024,105.9148 C120.7394,105.9148 117.9224,103.1108 117.9224,99.6438 C117.9224,96.1828 120.7394,93.3608 124.2024,93.3608 L126.6354,93.3608 C130.0894,93.3608 132.9024,96.1828 132.9024,99.6438 L132.9024,105.9148 Z"
                        fill="white"
                        id="Combined-Shape"
                      />
                    </g>
                  </g>
                </g>
              </svg>
            </NavLogoTransparent>
          </a>
          <styled.div>
            <div
              className="c4 c5"
            />
          </styled.div>
          <styled.div>
            <div
              className="c6 c7"
            >
              <span>
                ui:app-headerTitle
              </span>
            </div>
          </styled.div>
        </div>
      </styled.div>
      <Styled(Lenke)
        data-testid="c-header__highcontrast-link-id"
        href="#highContrast"
        onClick={[Function]}
      >
        <Lenke
          className="c8 c9"
          data-testid="c-header__highcontrast-link-id"
          href="#highContrast"
          onClick={[Function]}
        >
          <a
            className="lenke c8 c9"
            data-testid="c-header__highcontrast-link-id"
            href="#highContrast"
            onClick={[Function]}
          >
            ui:highContrast
          </a>
        </Lenke>
      </Styled(Lenke)>
      <styled.div>
        <div
          className="c10 c11"
        >
          <styled.div>
            <div
              className="c12 c13"
            >
              <FontAwesomeIcon
                border={false}
                className=""
                fixedWidth={false}
                flip={null}
                icon={
                  Object {
                    "icon": Array [
                      448,
                      512,
                      Array [],
                      "f007",
                      "M224 256c70.7 0 128-57.3 128-128S294.7 0 224 0 96 57.3 96 128s57.3 128 128 128zm89.6 32h-16.7c-22.2 10.2-46.9 16-72.9 16s-50.6-5.8-72.9-16h-16.7C60.2 288 0 348.2 0 422.4V464c0 26.5 21.5 48 48 48h352c26.5 0 48-21.5 48-48v-41.6c0-74.2-60.2-134.4-134.4-134.4z",
                    ],
                    "iconName": "user",
                    "prefix": "fas",
                  }
                }
                inverse={false}
                listItem={false}
                mask={null}
                pull={null}
                pulse={false}
                rotation={null}
                size={null}
                spin={false}
                swapOpacity={false}
                symbol={false}
                title=""
                transform={null}
              >
                <svg
                  aria-hidden="true"
                  className="svg-inline--fa fa-user fa-w-14 "
                  data-icon="user"
                  data-prefix="fas"
                  focusable="false"
                  role="img"
                  style={Object {}}
                  viewBox="0 0 448 512"
                  xmlns="http://www.w3.org/2000/svg"
                >
                  <path
                    d="M224 256c70.7 0 128-57.3 128-128S294.7 0 224 0 96 57.3 96 128s57.3 128 128 128zm89.6 32h-16.7c-22.2 10.2-46.9 16-72.9 16s-50.6-5.8-72.9-16h-16.7C60.2 288 0 348.2 0 422.4V464c0 26.5 21.5 48 48 48h352c26.5 0 48-21.5 48-48v-41.6c0-74.2-60.2-134.4-134.4-134.4z"
                    fill="currentColor"
                    style={Object {}}
                  />
                </svg>
              </FontAwesomeIcon>
            </div>
          </styled.div>
          <styled.div>
            <div
              className="c14 c15"
            />
          </styled.div>
          <styled.div>
            <div
              className="c4 c5"
            />
          </styled.div>
          <styled.div>
            <div
              className="c16 c17"
            >
              <styled.span>
                <span
                  className="c18 c19"
                >
                  testUser
                </span>
              </styled.span>
            </div>
          </styled.div>
        </div>
      </styled.div>
    </header>
  </styled.header>
</Header>
`;
