// Jest Snapshot v1, https://goo.gl/fbAQLP

exports[`components/MultipleSelect/MultipleSelect Render: match snapshot 1`] = `
.c3 {
  display: -webkit-box;
  display: -webkit-flex;
  display: -ms-flexbox;
  display: flex;
  -webkit-align-items: center;
  -webkit-box-align: center;
  -ms-flex-align: center;
  align-items: center;
}

ui-fss.g1[id="c2"] {
  content: "c3,";
}

.c5 {
  display: -webkit-box;
  display: -webkit-flex;
  display: -ms-flexbox;
  display: flex;
  cursor: pointer;
}

.c5:hover {
  background-color: transparent !important;
}

ui-fss.g2[id="c4"] {
  content: "c5,";
}

.c1 .skjemaelement--feilmelding .multipleSelect--control {
  border: 1px solid;
}

ui-fss.g4[id="c0"] {
  content: "c1,";
}

<div
  class="c0 c1"
>
  <label
    class="navds-text-field--label navds-label"
    for="mockMultipleSelectId"
  >
    mockLabel
  </label>
  <div
    class="multipleSelect css-91gbow-container"
  >
    <span
      class="css-1f43avz-a11yText-A11yText"
      id="react-select-3-live-region"
    />
    <span
      aria-atomic="false"
      aria-live="polite"
      aria-relevant="additions text"
      class="css-1f43avz-a11yText-A11yText"
    />
    <div
      class="multipleSelect__control css-1q6azai-control"
    >
      <div
        class="multipleSelect__value-container multipleSelect__value-container--is-multi multipleSelect__value-container--has-value css-g1d714-ValueContainer"
      >
        <div
          class="css-drugbm-multiValue multipleSelect__multi-value"
        >
          <div
            class="css-12jo7m5 multipleSelect__multi-value__label"
          >
            <div
              class="c2 c3"
            >
              <p
                class="navds-body-long"
              >
                mockLabel02
              </p>
            </div>
          </div>
          <div
            aria-label="Remove mockLabel02"
            class="c4 c5 css-xscnok multipleSelect__multi-value__remove"
            data-testid="c-multipleselect-multiplevalueremove"
          >
            <svg
              fill="none"
              focusable="false"
              height="1em"
              role="img"
              style="visibility: visible;"
              viewBox="0 0 24 24"
              width="1em"
              xmlns="http://www.w3.org/2000/svg"
            >
              <path
                clip-rule="evenodd"
                d="M12 0c6.627 0 12 5.373 12 12s-5.373 12-12 12S0 18.627 0 12 5.373 0 12 0Zm3.571 7L17 8.429 13.428 12 17 15.571 15.571 17 12 13.428 8.429 17 7 15.571 10.572 12 7 8.429 8.429 7 12 10.572 15.571 7Z"
                fill="currentColor"
                fill-rule="evenodd"
              />
            </svg>
          </div>
        </div>
        <div
          class="multipleSelect__input-container css-6j8wv5-Input"
          data-value=""
        >
          <input
            aria-autocomplete="list"
            aria-expanded="false"
            aria-haspopup="true"
            aria-label="mockAriaLabel"
            autocapitalize="none"
            autocomplete="off"
            autocorrect="off"
            class="multipleSelect__input"
            id="mockMultipleSelectId"
            role="combobox"
            spellcheck="false"
            style="opacity: 1; width: 100%; grid-area: 1 / 2; min-width: 2px; border: 0px; margin: 0px; outline: 0; padding: 0px;"
            tabindex="0"
            type="text"
            value=""
          />
        </div>
      </div>
      <div
        class="multipleSelect__indicators css-1hb7zxy-IndicatorsContainer"
      >
        <div
          aria-hidden="true"
          class="multipleSelect__indicator multipleSelect__clear-indicator css-tlfecz-indicatorContainer"
        >
          <svg
            aria-hidden="true"
            class="css-tj5bde-Svg"
            focusable="false"
            height="20"
            viewBox="0 0 20 20"
            width="20"
          >
            <path
              d="M14.348 14.849c-0.469 0.469-1.229 0.469-1.697 0l-2.651-3.030-2.651 3.029c-0.469 0.469-1.229 0.469-1.697 0-0.469-0.469-0.469-1.229 0-1.697l2.758-3.15-2.759-3.152c-0.469-0.469-0.469-1.228 0-1.697s1.228-0.469 1.697 0l2.652 3.031 2.651-3.031c0.469-0.469 1.228-0.469 1.697 0s0.469 1.229 0 1.697l-2.758 3.152 2.758 3.15c0.469 0.469 0.469 1.229 0 1.698z"
            />
          </svg>
        </div>
        <span
          class="multipleSelect__indicator-separator css-141yg44-indicatorSeparator"
        />
        <div
          aria-hidden="true"
          class="multipleSelect__indicator multipleSelect__dropdown-indicator css-tlfecz-indicatorContainer"
        >
          <svg
            aria-hidden="true"
            class="css-tj5bde-Svg"
            focusable="false"
            height="20"
            viewBox="0 0 20 20"
            width="20"
          >
            <path
              d="M4.516 7.548c0.436-0.446 1.043-0.481 1.576 0l3.908 3.747 3.908-3.747c0.533-0.481 1.141-0.446 1.574 0 0.436 0.445 0.408 1.197 0 1.615-0.406 0.418-4.695 4.502-4.695 4.502-0.217 0.223-0.502 0.335-0.787 0.335s-0.57-0.112-0.789-0.335c0 0-4.287-4.084-4.695-4.502s-0.436-1.17 0-1.615z"
            />
          </svg>
        </div>
      </div>
    </div>
  </div>
</div>
`;
