// Jest Snapshot v1, https://goo.gl/fbAQLP

exports[`components/MultipleSelect/MultipleValueLabel Render: match snapshot 1`] = `
.c1 {
  display: -webkit-box;
  display: -webkit-flex;
  display: -ms-flexbox;
  display: flex;
  -webkit-align-items: center;
  -webkit-box-align: center;
  -ms-flex-align: center;
  align-items: center;
}

ui-fss.g1[id="c0"] {
  content: "c1,";
}

<MultipleValueLabel
  data={
    Object {
      "label": "mockLabel",
    }
  }
>
  <MultiValueGeneric
    data={
      Object {
        "label": "mockLabel",
      }
    }
    data-testid="c-multipleselect-multivaluelabel"
  >
    <div>
      <styled.div>
        <div
          className="c0 c1"
        >
          <ForwardRef>
            <p
              className="navds-body-long"
            >
              mockLabel
            </p>
          </ForwardRef>
        </div>
      </styled.div>
    </div>
  </MultiValueGeneric>
</MultipleValueLabel>
`;
