// Jest Snapshot v1, https://goo.gl/fbAQLP

exports[`components/ExpandingPanel/ExpandingPanel Render: match snapshot 1`] = `
.c1 {
  border-radius: 4px;
  background-color: #FFFFFF;
  border-width: 1px;
  border-style: solid;
  border-color: #78706a;
}

.c1.ekspanderbartPanel--apen .ReactCollapse--collapse {
  will-change: max-height,height;
  max-height: 150em;
  -webkit-animation: lejruX 250ms ease;
  animation: lejruX 250ms ease;
}

.c1.ekspanderbartPanel--lukket .ReactCollapse--collapse {
  will-change: max-height,height;
  max-height: 0;
  -webkit-animation: fywWsj 250ms ease;
  animation: fywWsj 250ms ease;
}

.c1 .ekspanderbartPanel__knapp {
  background: none;
  border: none;
}

.c1.ekspanderbartPanel {
  background-color: #FFFFFF;
}

.c1 .ekspanderbartPanel__hode {
  background-color: #FFFFFF;
}

.c1 .ekspanderbartPanel__hode:hover {
  background-color: #20f4NaN !important;
}

.c1 .ekspanderbartPanel__indikator {
  color: #3e3832;
}

.c1 p {
  font-size: inherit;
  line-height: inherit;
}

ui-fss.g8[id="c0"] {
  content: "c1,";
}

<ExpandingPanel
  ariaTittel="mockAriaTittel"
  border={true}
  collapseProps={
    Object {
      "id": "mockId",
    }
  }
  heading={
    <h2>
      heading
    </h2>
  }
  highContrast={false}
  onClose={[MockFunction]}
  onOpen={[MockFunction]}
  open={false}
  renderContentWhenClosed={false}
>
  <Xe
    highContrast={false}
  >
    <Component
      theme={
        Object {
          "alternative-background-color": "#e9e7e7",
          "black": "#000000",
          "border-radius-base": "4px",
          "border-radius-large": "6px",
          "border-radius-small": "2px",
          "container-desktop": "(940px + @grid-gutter-width)",
          "container-large-desktop": "(1140px + @grid-gutter-width)",
          "container-lg": "(1140px + @grid-gutter-width)",
          "container-md": "(940px + @grid-gutter-width)",
          "container-sm": "(720px + @grid-gutter-width)",
          "container-tablet": "(720px + @grid-gutter-width)",
          "fokusFarge": "#01b19d",
          "grayBackground": "#e9e7e7",
          "grayIcon": "#b7b1a9",
          "grayInactive": "#78706a",
          "grayModia": "#333333",
          "grid-columns": "12",
          "grid-float-breakpoint": "768px",
          "grid-float-breakpoint-max": "(@grid-float-breakpoint - 1)",
          "grid-gutter-width": "16px",
          "inverted-font-color": "#FFFFFF",
          "line-height-large": "1.3333333",
          "line-height-small": "1.5",
          "main-active-color": "#43dfNaN",
          "main-background-color": "#FFFFFF",
          "main-border-color": "#78706a",
          "main-border-radius": "4px",
          "main-disabled-color": "#b7b1a9",
          "main-error-color": "#ba3a26",
          "main-focus-color": "#01b19d",
          "main-font-color": "#3e3832",
          "main-hover-color": "#20f4NaN",
          "main-interactive-color": "#0067c5",
          "main-success-color": "#06893a",
          "main-warning-color": "#ff9100",
          "navBakgrunn": "#ffffff",
          "navBla": "#0067c5",
          "navBlaDarken20": "#007fb7",
          "navBlaDarken40": "#0198aa",
          "navBlaDarken60": "#01b19d",
          "navBlaDarken80": "#02ca90",
          "navBlaLighten20": "#0385NaN",
          "navBlaLighten40": "#06a3NaN",
          "navBlaLighten60": "#09c2NaN",
          "navBlaLighten80": "#0ce0NaN",
          "navDypBla": "#005b82",
          "navDypBlaDarken20": "#007682",
          "navDypBlaDarken40": "#019182",
          "navDypBlaDarken60": "#01ac82",
          "navDypBlaDarken80": "#02c782",
          "navDypBlaLighten20": "#037bNaN",
          "navDypBlaLighten40": "#069cNaN",
          "navDypBlaLighten60": "#09bdNaN",
          "navDypBlaLighten80": "#0cdeNaN",
          "navGra20": "#c6c2bf",
          "navGra40": "#b7b1a9",
          "navGra60": "#78706a",
          "navGra80": "#59514b",
          "navGraBakgrunn": "#f1f1f1",
          "navGronn": "#06893a",
          "navGronnDarken20": "#059b48",
          "navGronnDarken40": "#04ad57",
          "navGronnDarken60": "#04bf65",
          "navGronnDarken80": "#03d174",
          "navGronnLighten20": "#07a0NaN",
          "navGronnLighten40": "#09b8NaN",
          "navGronnLighten60": "#0bcfNaN",
          "navGronnLighten80": "#0de7NaN",
          "navLilla": "#634689",
          "navLillaDarken20": "#4f6587",
          "navLillaDarken40": "#3c8486",
          "navLillaDarken60": "#29a485",
          "navLillaDarken80": "#16c384",
          "navLillaLighten20": "#526bNaN",
          "navLillaLighten40": "#4190NaN",
          "navLillaLighten60": "#30b5NaN",
          "navLillaLighten80": "#1fdaNaN",
          "navLimeGronn": "#a2ad00",
          "navLimeGronnDarken20": "#82b71a",
          "navLimeGronnDarken40": "#62c234",
          "navLimeGronnDarken60": "#42cd4e",
          "navLimeGronnDarken80": "#22d868",
          "navLimeGronnLighten20": "#84bdNaN",
          "navLimeGronnLighten40": "#67cdNaN",
          "navLimeGronnLighten60": "#49deNaN",
          "navLimeGronnLighten80": "#2ceeNaN",
          "navLysBla": "#66cbec",
          "navLysBlaDarken20": "#52cfd7",
          "navLysBlaDarken40": "#3ed4c2",
          "navLysBlaDarken60": "#2ad9ad",
          "navLysBlaDarken80": "#16de98",
          "navLysBlaLighten20": "#54d5NaN",
          "navLysBlaLighten40": "#43dfNaN",
          "navLysBlaLighten60": "#31eaNaN",
          "navLysBlaLighten80": "#20f4NaN",
          "navLysGra": "#e9e7e7",
          "navMorkGra": "#3e3832",
          "navOransje": "#ff9100",
          "navOransjeDarken20": "#cca11a",
          "navOransjeDarken40": "#9ab134",
          "navOransjeDarken60": "#67c24e",
          "navOransjeDarken80": "#35d268",
          "navOransjeLighten20": "#cfa7NaN",
          "navOransjeLighten40": "#9fbdNaN",
          "navOransjeLighten60": "#6fd3NaN",
          "navOransjeLighten80": "#3fe9NaN",
          "navRod": "#c30000",
          "navRodDarken20": "#9c2d1a",
          "navRodDarken40": "#765a34",
          "navRodDarken60": "#4f884e",
          "navRodDarken80": "#29b568",
          "navRodLighten20": "#9f33NaN",
          "navRodLighten40": "#7b66NaN",
          "navRodLighten60": "#5799NaN",
          "navRodLighten80": "#33ccNaN",
          "orangeFocus": "#ffbd66",
          "orangeFocusDarken20": "#ccc46b",
          "orangeFocusDarken40": "#9acc71",
          "orangeFocusDarken60": "#67d377",
          "orangeFocusDarken80": "#35db7d",
          "orangeFocusLighten20": "#cfcaNaN",
          "orangeFocusLighten40": "#9fd7NaN",
          "orangeFocusLighten60": "#6fe4NaN",
          "orangeFocusLighten80": "#3ff1NaN",
          "padding-base-horizontal": "12px",
          "padding-base-vertical": "6px",
          "padding-large-horizontal": "16px",
          "padding-large-vertical": "10px",
          "padding-small-horizontal": "10px",
          "padding-small-vertical": "5px",
          "padding-xs-horizontal": "5px",
          "padding-xs-vertical": "1px",
          "pinkErrorBg": "#f3e3e3",
          "redError": "#ba3a26",
          "redErrorDarken20": "#955b38",
          "redErrorDarken40": "#707d4b",
          "redErrorDarken60": "#4c9f5d",
          "redErrorDarken80": "#27c170",
          "redErrorLighten20": "#9761NaN",
          "redErrorLighten40": "#7588NaN",
          "redErrorLighten60": "#53b0NaN",
          "redErrorLighten80": "#31d7NaN",
          "screen-desktop": "992px",
          "screen-lg": "1200px",
          "screen-lg-desktop": "1200px",
          "screen-lg-min": "1200px",
          "screen-md": "992px",
          "screen-md-max": "(@screen-lg-min - 1)",
          "screen-md-min": "992px",
          "screen-sm": "768px",
          "screen-sm-max": "(@screen-md-min - 1)",
          "screen-sm-min": "768px",
          "screen-tablet": "768px",
          "screen-xs-max": "(@screen-sm-min - 1)",
          "type": "theme",
          "white": "#FFFFFF",
        }
      }
    >
      <styled.div
        className="ekspanderbartPanel ekspanderbartPanel--lukket ekspanderbartPanel--border"
        style={Object {}}
      >
        <div
          className="c0 c1 ekspanderbartPanel ekspanderbartPanel--lukket ekspanderbartPanel--border"
          style={Object {}}
        >
          <div
            aria-expanded={false}
            className="ekspanderbartPanel__hode"
            data-test-id="c-expandingpanel__head-id"
            onClick={[Function]}
            onKeyDown={[Function]}
            role="button"
            tabIndex={0}
          >
            <div
              className="ekspanderbartPanel__flex-wrapper"
              data-test-id="c-expandingpanel__body-id"
            >
              <h2>
                heading
              </h2>
              <button
                aria-expanded={false}
                aria-label="ui:open"
                className="ekspanderbartPanel__knapp"
                data-test-id="c-expandingpanel__button-id"
                onClick={[Function]}
                onKeyDown={[Function]}
                type="button"
              >
                <span
                  className="ekspanderbartPanel__indikator"
                />
              </button>
            </div>
          </div>
          <UnmountClosed
            id="mockId"
            isOpened={false}
            onRest={[Function]}
          />
        </div>
      </styled.div>
    </Component>
  </Xe>
</ExpandingPanel>
`;
