// Jest Snapshot v1, https://goo.gl/fbAQLP

exports[`applications/BUC/components/InstitutionList/InstitutionList Render: match snapshot 1`] = `
.c15 {
  background-color: inherit;
  color: #0067C5;
  border-color: #0067C5;
}

.c15:hover:not(:disabled) {
  background-color: #0067C5;
  color: #FFFFFF;
}

.c15:hover:not(:disabled) svg path {
  stroke: #FFFFFF;
}

.c15 svg path {
  stroke: #0067C5;
}

ui-fss.g6[id="c14"] {
  content: "c15,";
}

.c13 {
  -webkit-align-items: baseline;
  -webkit-box-align: baseline;
  -ms-flex-align: baseline;
  align-items: baseline;
  background-color: #0067C5;
  color: #FFFFFF;
  border-color: #0067C5;
}

.c13:hover:not(:disabled) {
  background-color: #0067C5;
  border-color: #0067C5;
  color: #FFFFFF;
}

.c13:hover:not(:disabled) svg path {
  stroke: #FFFFFF;
}

.c13:disabled {
  color: #FFFFFF;
  background-color: #B7B1A9;
}

.c13 svg path {
  stroke: #0067C5;
}

ui-fss.g7[id="c12"] {
  content: "c13,";
}

.c1 {
  background-color: #FFF;
  display: block;
  padding: 1rem 1rem 1rem 1rem;
  border-radius: 4px;
  position: relative;
  -webkit-box-flex: 0;
  -webkit-flex-grow: 0;
  -ms-flex-positive: 0;
  flex-grow: 0;
  overflow: inherit;
  max-height: 100%;
  margin-bottom: 0;
  z-index: 1010;
  color: #3E3832;
  background-color: #FFFFFF;
}

ui-fss.g18[id="c0"] {
  content: "c1,";
}

.c7 {
  position: absolute !important;
  right: 0.5rem;
  top: 0.5rem;
  z-index: 999;
}

ui-fss.g20[id="c6"] {
  content: "c7,";
}

.c9 {
  display: -webkit-box;
  display: -webkit-flex;
  display: -ms-flexbox;
  display: flex;
  -webkit-flex-direction: row;
  -ms-flex-direction: row;
  flex-direction: row;
}

ui-fss.g23[id="c8"] {
  content: "c9,";
}

.c11 {
  margin-right: 1rem;
  margin-top: 0.5rem;
  margin-botton: 0.5rem;
}

ui-fss.g24[id="c10"] {
  content: "c11,";
}

.c3 {
  z-index: 40000;
  position: absolute;
  left: 50%;
  -webkit-transform: translateX(-50%);
  -ms-transform: translateX(-50%);
  transform: translateX(-50%);
  top: -3rem;
}

ui-fss.g25[id="c2"] {
  content: "c3,";
}

.c5 {
  overflow: auto;
  max-height: 85vh;
}

.c5.icon {
  margin-top: 3rem;
}

.c5.burrons {
  margin-top: 3rem;
}

ui-fss.g26[id="c4"] {
  content: "c5,";
}

<SEDAttachmentModal
  highContrast={false}
  onFinishedSelection={[MockFunction]}
  onModalClose={[MockFunction]}
  sedAttachments={
    Array [
      Object {
        "date": 1970-01-31T23:00:00.000Z,
        "dokumentInfoId": "4",
        "hasSubrows": false,
        "journalpostId": "1",
        "key": "1",
        "tema": "tema",
        "title": "title",
        "type": "joark",
        "variant": Object {
          "filnavn": "mockFilnavn",
          "variantformat": "mockVariant",
        },
      },
    ]
  }
  tableId="test-id"
>
  <Component
    theme={
      Object {
        "alternative-background-color": "#E9E7E7",
        "black": "#000000",
        "border-radius-base": "4px",
        "border-radius-large": "6px",
        "border-radius-small": "2px",
        "container-desktop": "(940px + @grid-gutter-width)",
        "container-large-desktop": "(1140px + @grid-gutter-width)",
        "container-lg": "(1140px + @grid-gutter-width)",
        "container-md": "(940px + @grid-gutter-width)",
        "container-sm": "(720px + @grid-gutter-width)",
        "container-tablet": "(720px + @grid-gutter-width)",
        "fokusFarge": "#254a6c",
        "grayBackground": "#E9E7E7",
        "grayIcon": "#B7B1A9",
        "grayInactive": "#78706A",
        "grayModia": "#333333",
        "grid-columns": "12",
        "grid-float-breakpoint": "768px",
        "grid-float-breakpoint-max": "(@grid-float-breakpoint - 1)",
        "grid-gutter-width": "16px",
        "inverted-font-color": "#FFFFFF",
        "line-height-large": "1.3333333",
        "line-height-small": "1.5",
        "main-active-color": "#a3dff3",
        "main-background-color": "#FFFFFF",
        "main-border-color": "#78706A",
        "main-border-radius": "4px",
        "main-disabled-color": "#B7B1A9",
        "main-error-color": "#BA3A26",
        "main-focus-color": "#254a6c",
        "main-font-color": "#3E3832",
        "main-hover-color": "#e0f4fb",
        "main-interactive-color": "#0067C5",
        "main-success-color": "#06893A",
        "main-warning-color": "#FF9100",
        "navBla": "#0067C5",
        "navBlaDarken20": "#0c5da7",
        "navBlaDarken40": "#18548a",
        "navBlaDarken60": "#254a6c",
        "navBlaDarken80": "#31414f",
        "navBlaLighten20": "#3385d0",
        "navBlaLighten40": "#66a3dc",
        "navBlaLighten60": "#99c2e7",
        "navBlaLighten80": "#cce0f3",
        "navDypBla": "#005B82",
        "navDypBlaDarken20": "#0c5472",
        "navDypBlaDarken40": "#184d62",
        "navDypBlaDarken60": "#254652",
        "navDypBlaDarken80": "#313f42",
        "navDypBlaLighten20": "#337b9b",
        "navDypBlaLighten40": "#669cb4",
        "navDypBlaLighten60": "#99bdcd",
        "navDypBlaLighten80": "#ccdee6",
        "navGra20": "#C6C2BF",
        "navGra40": "#B7B1A9",
        "navGra60": "#78706A",
        "navGra80": "#59514B",
        "navGronn": "#06893A",
        "navGronnDarken20": "#117838",
        "navGronnDarken40": "#1c6836",
        "navGronnDarken60": "#275835",
        "navGronnDarken80": "#324833",
        "navGronnLighten20": "#37a061",
        "navGronnLighten40": "#69b888",
        "navGronnLighten60": "#9bcfb0",
        "navGronnLighten80": "#cde7d7",
        "navLilla": "#634689",
        "navLillaDarken20": "#5b4377",
        "navLillaDarken40": "#544066",
        "navLillaDarken60": "#4c3d54",
        "navLillaDarken80": "#453a43",
        "navLillaLighten20": "#826ba0",
        "navLillaLighten40": "#a190b8",
        "navLillaLighten60": "#c0b5cf",
        "navLillaLighten80": "#dfdae7",
        "navLimeGronn": "#A2AD00",
        "navLimeGronnDarken20": "#8e950a",
        "navLimeGronnDarken40": "#7a7e14",
        "navLimeGronnDarken60": "#66661e",
        "navLimeGronnDarken80": "#524f28",
        "navLimeGronnLighten20": "#b4bd33",
        "navLimeGronnLighten40": "#c7cd66",
        "navLimeGronnLighten60": "#d9de99",
        "navLimeGronnLighten80": "#eceecc",
        "navLysBla": "#66CBEC",
        "navLysBlaDarken20": "#5eadc6",
        "navLysBlaDarken40": "#5690a1",
        "navLysBlaDarken60": "#4e727c",
        "navLysBlaDarken80": "#465557",
        "navLysBlaLighten20": "#84d5ef",
        "navLysBlaLighten40": "#a3dff3",
        "navLysBlaLighten60": "#c1eaf7",
        "navLysBlaLighten80": "#e0f4fb",
        "navLysGra": "#E9E7E7",
        "navMorkGra": "#3E3832",
        "navOransje": "#FF9100",
        "navOransjeDarken20": "#d87f0a",
        "navOransjeDarken40": "#b16d14",
        "navOransjeDarken60": "#8b5b1e",
        "navOransjeDarken80": "#644928",
        "navOransjeLighten20": "#ffa733",
        "navOransjeLighten40": "#ffbd66",
        "navOransjeLighten60": "#ffd399",
        "navOransjeLighten80": "#ffe9cc",
        "navRod": "#C30000",
        "navRodDarken20": "#a80b0a",
        "navRodDarken40": "#8d1614",
        "navRodDarken60": "#73211e",
        "navRodDarken80": "#582c28",
        "navRodLighten20": "#cf3333",
        "navRodLighten40": "#db6666",
        "navRodLighten60": "#e79999",
        "navRodLighten80": "#f3cccc",
        "orangeFocus": "#FFBD66",
        "orangeFocusDarken20": "#d8a25b",
        "orangeFocusDarken40": "#b18751",
        "orangeFocusDarken60": "#8b6d46",
        "orangeFocusDarken80": "#64523c",
        "orangeFocusLighten20": "#ffca84",
        "orangeFocusLighten40": "#ffd7a3",
        "orangeFocusLighten60": "#ffe4c1",
        "orangeFocusLighten80": "#fff1e0",
        "padding-base-horizontal": "12px",
        "padding-base-vertical": "6px",
        "padding-large-horizontal": "16px",
        "padding-large-vertical": "10px",
        "padding-small-horizontal": "10px",
        "padding-small-vertical": "5px",
        "padding-xs-horizontal": "5px",
        "padding-xs-vertical": "1px",
        "pinkErrorBg": "#F3E3E3",
        "redError": "#BA3A26",
        "redErrorDarken20": "#a13928",
        "redErrorDarken40": "#88392a",
        "redErrorDarken60": "#6f382d",
        "redErrorDarken80": "#56382f",
        "redErrorLighten20": "#c76151",
        "redErrorLighten40": "#d5887c",
        "redErrorLighten60": "#e3b0a8",
        "redErrorLighten80": "#f1d7d3",
        "screen-desktop": "992px",
        "screen-lg": "1200px",
        "screen-lg-desktop": "1200px",
        "screen-lg-min": "1200px",
        "screen-md": "992px",
        "screen-md-max": "(@screen-lg-min - 1)",
        "screen-md-min": "992px",
        "screen-sm": "768px",
        "screen-sm-max": "(@screen-md-min - 1)",
        "screen-sm-min": "768px",
        "screen-tablet": "768px",
        "screen-xs-max": "(@screen-sm-min - 1)",
        "type": "theme",
        "white": "#FFFFFF",
      }
    }
  >
    <Modal
      highContrast={false}
      icon={<_default />}
      modal={
        Object {
          "closeButton": true,
          "modalButtons": Array [
            Object {
              "main": true,
              "onClick": [Function],
              "text": "buc:form-addSelectedAttachments",
            },
            Object {
              "onClick": [Function],
              "text": "ui:cancel",
            },
          ],
          "modalContent": <React.Fragment>
            <Unknown
              data-test-id="a-buc-c-sedattachmentmodal__joarkbrowser-id"
              existingItems={
                Array [
                  Object {
                    "date": 1970-01-31T23:00:00.000Z,
                    "dokumentInfoId": "4",
                    "hasSubrows": false,
                    "journalpostId": "1",
                    "key": "1",
                    "tema": "tema",
                    "title": "title",
                    "type": "joark",
                    "variant": Object {
                      "filnavn": "mockFilnavn",
                      "variantformat": "mockVariant",
                    },
                  },
                ]
              }
              mode="select"
              onRowSelectChange={[Function]}
              tableId="test-id"
            />
          </React.Fragment>,
        }
      }
      onModalClose={[MockFunction]}
    >
      <Component
        theme={
          Object {
            "alternative-background-color": "#E9E7E7",
            "black": "#000000",
            "border-radius-base": "4px",
            "border-radius-large": "6px",
            "border-radius-small": "2px",
            "container-desktop": "(940px + @grid-gutter-width)",
            "container-large-desktop": "(1140px + @grid-gutter-width)",
            "container-lg": "(1140px + @grid-gutter-width)",
            "container-md": "(940px + @grid-gutter-width)",
            "container-sm": "(720px + @grid-gutter-width)",
            "container-tablet": "(720px + @grid-gutter-width)",
            "fokusFarge": "#254a6c",
            "grayBackground": "#E9E7E7",
            "grayIcon": "#B7B1A9",
            "grayInactive": "#78706A",
            "grayModia": "#333333",
            "grid-columns": "12",
            "grid-float-breakpoint": "768px",
            "grid-float-breakpoint-max": "(@grid-float-breakpoint - 1)",
            "grid-gutter-width": "16px",
            "inverted-font-color": "#FFFFFF",
            "line-height-large": "1.3333333",
            "line-height-small": "1.5",
            "main-active-color": "#a3dff3",
            "main-background-color": "#FFFFFF",
            "main-border-color": "#78706A",
            "main-border-radius": "4px",
            "main-disabled-color": "#B7B1A9",
            "main-error-color": "#BA3A26",
            "main-focus-color": "#254a6c",
            "main-font-color": "#3E3832",
            "main-hover-color": "#e0f4fb",
            "main-interactive-color": "#0067C5",
            "main-success-color": "#06893A",
            "main-warning-color": "#FF9100",
            "navBla": "#0067C5",
            "navBlaDarken20": "#0c5da7",
            "navBlaDarken40": "#18548a",
            "navBlaDarken60": "#254a6c",
            "navBlaDarken80": "#31414f",
            "navBlaLighten20": "#3385d0",
            "navBlaLighten40": "#66a3dc",
            "navBlaLighten60": "#99c2e7",
            "navBlaLighten80": "#cce0f3",
            "navDypBla": "#005B82",
            "navDypBlaDarken20": "#0c5472",
            "navDypBlaDarken40": "#184d62",
            "navDypBlaDarken60": "#254652",
            "navDypBlaDarken80": "#313f42",
            "navDypBlaLighten20": "#337b9b",
            "navDypBlaLighten40": "#669cb4",
            "navDypBlaLighten60": "#99bdcd",
            "navDypBlaLighten80": "#ccdee6",
            "navGra20": "#C6C2BF",
            "navGra40": "#B7B1A9",
            "navGra60": "#78706A",
            "navGra80": "#59514B",
            "navGronn": "#06893A",
            "navGronnDarken20": "#117838",
            "navGronnDarken40": "#1c6836",
            "navGronnDarken60": "#275835",
            "navGronnDarken80": "#324833",
            "navGronnLighten20": "#37a061",
            "navGronnLighten40": "#69b888",
            "navGronnLighten60": "#9bcfb0",
            "navGronnLighten80": "#cde7d7",
            "navLilla": "#634689",
            "navLillaDarken20": "#5b4377",
            "navLillaDarken40": "#544066",
            "navLillaDarken60": "#4c3d54",
            "navLillaDarken80": "#453a43",
            "navLillaLighten20": "#826ba0",
            "navLillaLighten40": "#a190b8",
            "navLillaLighten60": "#c0b5cf",
            "navLillaLighten80": "#dfdae7",
            "navLimeGronn": "#A2AD00",
            "navLimeGronnDarken20": "#8e950a",
            "navLimeGronnDarken40": "#7a7e14",
            "navLimeGronnDarken60": "#66661e",
            "navLimeGronnDarken80": "#524f28",
            "navLimeGronnLighten20": "#b4bd33",
            "navLimeGronnLighten40": "#c7cd66",
            "navLimeGronnLighten60": "#d9de99",
            "navLimeGronnLighten80": "#eceecc",
            "navLysBla": "#66CBEC",
            "navLysBlaDarken20": "#5eadc6",
            "navLysBlaDarken40": "#5690a1",
            "navLysBlaDarken60": "#4e727c",
            "navLysBlaDarken80": "#465557",
            "navLysBlaLighten20": "#84d5ef",
            "navLysBlaLighten40": "#a3dff3",
            "navLysBlaLighten60": "#c1eaf7",
            "navLysBlaLighten80": "#e0f4fb",
            "navLysGra": "#E9E7E7",
            "navMorkGra": "#3E3832",
            "navOransje": "#FF9100",
            "navOransjeDarken20": "#d87f0a",
            "navOransjeDarken40": "#b16d14",
            "navOransjeDarken60": "#8b5b1e",
            "navOransjeDarken80": "#644928",
            "navOransjeLighten20": "#ffa733",
            "navOransjeLighten40": "#ffbd66",
            "navOransjeLighten60": "#ffd399",
            "navOransjeLighten80": "#ffe9cc",
            "navRod": "#C30000",
            "navRodDarken20": "#a80b0a",
            "navRodDarken40": "#8d1614",
            "navRodDarken60": "#73211e",
            "navRodDarken80": "#582c28",
            "navRodLighten20": "#cf3333",
            "navRodLighten40": "#db6666",
            "navRodLighten60": "#e79999",
            "navRodLighten80": "#f3cccc",
            "orangeFocus": "#FFBD66",
            "orangeFocusDarken20": "#d8a25b",
            "orangeFocusDarken40": "#b18751",
            "orangeFocusDarken60": "#8b6d46",
            "orangeFocusDarken80": "#64523c",
            "orangeFocusLighten20": "#ffca84",
            "orangeFocusLighten40": "#ffd7a3",
            "orangeFocusLighten60": "#ffe4c1",
            "orangeFocusLighten80": "#fff1e0",
            "padding-base-horizontal": "12px",
            "padding-base-vertical": "6px",
            "padding-large-horizontal": "16px",
            "padding-large-vertical": "10px",
            "padding-small-horizontal": "10px",
            "padding-small-vertical": "5px",
            "padding-xs-horizontal": "5px",
            "padding-xs-vertical": "1px",
            "pinkErrorBg": "#F3E3E3",
            "redError": "#BA3A26",
            "redErrorDarken20": "#a13928",
            "redErrorDarken40": "#88392a",
            "redErrorDarken60": "#6f382d",
            "redErrorDarken80": "#56382f",
            "redErrorLighten20": "#c76151",
            "redErrorLighten40": "#d5887c",
            "redErrorLighten60": "#e3b0a8",
            "redErrorLighten80": "#f1d7d3",
            "screen-desktop": "992px",
            "screen-lg": "1200px",
            "screen-lg-desktop": "1200px",
            "screen-lg-min": "1200px",
            "screen-md": "992px",
            "screen-md-max": "(@screen-lg-min - 1)",
            "screen-md-min": "992px",
            "screen-sm": "768px",
            "screen-sm-max": "(@screen-md-min - 1)",
            "screen-sm-min": "768px",
            "screen-tablet": "768px",
            "screen-xs-max": "(@screen-sm-min - 1)",
            "type": "theme",
            "white": "#FFFFFF",
          }
        }
      >
        <Memo(l) />
        <Styled(Modal)
          isOpen={true}
          onRequestClose={[Function]}
          overlayClassName="modal__overlay"
        >
          <Modal
            ariaHideApp={true}
            bodyOpenClassName="ReactModal__Body--open"
            className="c0 c1"
            closeTimeoutMS={0}
            isOpen={true}
            onRequestClose={[Function]}
            overlayClassName="modal__overlay"
            parentSelector={[Function]}
            portalClassName="ReactModalPortal"
            role="dialog"
            shouldCloseOnEsc={true}
            shouldCloseOnOverlayClick={true}
            shouldFocusAfterRender={true}
            shouldReturnFocusAfterClose={true}
          >
            <Portal
              containerInfo={
                .c15 {
  background-color: inherit;
  color: #0067C5;
  border-color: #0067C5;
}

.c15:hover:not(:disabled) {
  background-color: #0067C5;
  color: #FFFFFF;
}

.c15:hover:not(:disabled) svg path {
  stroke: #FFFFFF;
}

.c15 svg path {
  stroke: #0067C5;
}

ui-fss.g6[id="c14"] {
  content: "c15,";
}

.c13 {
  -webkit-align-items: baseline;
  -webkit-box-align: baseline;
  -ms-flex-align: baseline;
  align-items: baseline;
  background-color: #0067C5;
  color: #FFFFFF;
  border-color: #0067C5;
}

.c13:hover:not(:disabled) {
  background-color: #0067C5;
  border-color: #0067C5;
  color: #FFFFFF;
}

.c13:hover:not(:disabled) svg path {
  stroke: #FFFFFF;
}

.c13:disabled {
  color: #FFFFFF;
  background-color: #B7B1A9;
}

.c13 svg path {
  stroke: #0067C5;
}

ui-fss.g7[id="c12"] {
  content: "c13,";
}

.c1 {
  background-color: #FFF;
  display: block;
  padding: 1rem 1rem 1rem 1rem;
  border-radius: 4px;
  position: relative;
  -webkit-box-flex: 0;
  -webkit-flex-grow: 0;
  -ms-flex-positive: 0;
  flex-grow: 0;
  overflow: inherit;
  max-height: 100%;
  margin-bottom: 0;
  z-index: 1010;
  color: #3E3832;
  background-color: #FFFFFF;
}

ui-fss.g18[id="c0"] {
  content: "c1,";
}

.c7 {
  position: absolute !important;
  right: 0.5rem;
  top: 0.5rem;
  z-index: 999;
}

ui-fss.g20[id="c6"] {
  content: "c7,";
}

.c9 {
  display: -webkit-box;
  display: -webkit-flex;
  display: -ms-flexbox;
  display: flex;
  -webkit-flex-direction: row;
  -ms-flex-direction: row;
  flex-direction: row;
}

ui-fss.g23[id="c8"] {
  content: "c9,";
}

.c11 {
  margin-right: 1rem;
  margin-top: 0.5rem;
  margin-botton: 0.5rem;
}

ui-fss.g24[id="c10"] {
  content: "c11,";
}

.c3 {
  z-index: 40000;
  position: absolute;
  left: 50%;
  -webkit-transform: translateX(-50%);
  -ms-transform: translateX(-50%);
  transform: translateX(-50%);
  top: -3rem;
}

ui-fss.g25[id="c2"] {
  content: "c3,";
}

.c5 {
  overflow: auto;
  max-height: 85vh;
}

.c5.icon {
  margin-top: 3rem;
}

.c5.burrons {
  margin-top: 3rem;
}

ui-fss.g26[id="c4"] {
  content: "c5,";
}

<div
                  class="ReactModalPortal"
                >
                  <div
                    class="ReactModal__Overlay ReactModal__Overlay--after-open modal__overlay"
                  >
                    <div
                      class="ReactModal__Content ReactModal__Content--after-open c0 c1"
                      role="dialog"
                      tabindex="-1"
                    >
                      <div
                        class="c2 c3"
                      >
                        <svg
                          height="100"
                          width="100"
                          xmlns="http://www.w3.org/2000/svg"
                          xmlns:xlink="http://www.w3.org/1999/xlink"
                        >
                          <defs>
                            <circle
                              cx="50"
                              cy="50"
                              id="a"
                              r="50"
                            />
                          </defs>
                          <g
                            fill="none"
                            fill-rule="evenodd"
                          >
                            <g>
                              <mask
                                fill="#fff"
                                id="b"
                              >
                                <use
                                  xlink:href="#a"
                                />
                              </mask>
                              <g
                                mask="url(#b)"
                              >
                                <path
                                  d="M-8 100h126V0H-8z"
                                  fill="#99BDCD"
                                />
                              </g>
                            </g>
                            <path
                              d="M70.224 21.607H30.076a2.989 2.989 0 0 0-2.998 2.983v50.37a2.967 2.967 0 0 0 .88 2.11c.066.064.138.131.214.19a2.988 2.988 0 0 0 1.904.683h40.148c1.657 0 3-1.336 3-2.982V24.59a2.99 2.99 0 0 0-3-2.984"
                              fill="#515658"
                            />
                            <path
                              d="M30.792 32.618V71.37a2.508 2.508 0 0 0 2.515 2.502h33.686a2.508 2.508 0 0 0 2.516-2.502V26.876a2.509 2.509 0 0 0-2.516-2.5H39.549l-8.757 8.242z"
                              fill="#FFF"
                            />
                            <path
                              d="M39.55 24.376v5.738a2.51 2.51 0 0 1-2.517 2.504h-6.241l8.757-8.242z"
                              fill="#C0C0BE"
                            />
                            <path
                              d="M50.152 23.008a.966.966 0 0 1-.971-.963c0-.534.434-.966.97-.966.535 0 .97.432.97.966a.967.967 0 0 1-.97.963m5.994-3.944h-3.612v-.663a2.375 2.375 0 0 0-2.381-2.368 2.374 2.374 0 0 0-2.384 2.368v.663h-3.61a3.217 3.217 0 0 0-3.226 3.207v3.856h18.437V22.27a3.216 3.216 0 0 0-3.224-3.207"
                              fill="#2F3237"
                            />
                            <path
                              d="M44.303 44.337h19.654v-2.173H44.303zM44.303 49.252h19.654V47.08H44.303zM44.303 54.167h19.654v-2.172H44.303zM44.303 59.083h19.654V56.91H44.303zM42.102 41.322h-4.025v3.858H42.102v-3.858zm-3.173 3.016h2.32v-2.173h-2.32v2.173zM42.102 46.237h-4.025v3.858H42.102v-3.858zm-3.173 3.015h2.32V47.08h-2.32v2.172zM42.102 51.152h-4.025V55.01H42.102V51.152zm-3.173 3.014h2.32v-2.17h-2.32v2.17zM42.102 56.068h-4.025v3.858H42.102v-3.858zm-3.173 3.015h2.32v-2.172h-2.32v2.172z"
                              fill="#A59D96"
                            />
                            <path
                              d="M38.107 41.08l2.172 2.456 3.057-3.904M38.107 46.116l2.172 2.457 3.057-3.904"
                              stroke="#2F3237"
                              stroke-width="2.361"
                            />
                          </g>
                        </svg>
                      </div>
                      <div
                        class="c4 c5 icon"
                      >
                        <button
                          class="lukknapp c6 c7"
                          data-test-id="c-modal__close-button-id"
                        >
                          <span
                            class="text-hide"
                          />
                        </button>
                        <div
                          data-test-id="mock-joarkbrowser"
                        />
                      </div>
                      <div
                        class="c8 c9"
                      >
                        <div
                          class="c10 c11"
                        >
                          <button
                            class="knapp c12 c13 knapp--hoved"
                            data-test-id="c-modal__button-id-0"
                            id="c-modal__button-id-0"
                            type="submit"
                          >
                            buc:form-addSelectedAttachments
                          </button>
                        </div>
                        <div
                          class="c10 c11"
                        >
                          <button
                            class="knapp c14 c15 knapp--standard"
                            data-test-id="c-modal__button-id-1"
                            id="c-modal__button-id-1"
                            type="submit"
                          >
                            ui:cancel
                          </button>
                        </div>
                      </div>
                    </div>
                  </div>
                </div>
              }
            >
              <ModalPortal
                ariaHideApp={true}
                bodyOpenClassName="ReactModal__Body--open"
                className="c0 c1"
                closeTimeoutMS={0}
                defaultStyles={
                  Object {
                    "content": Object {
                      "WebkitOverflowScrolling": "touch",
                      "background": "#fff",
                      "border": "1px solid #ccc",
                      "borderRadius": "4px",
                      "bottom": "40px",
                      "left": "40px",
                      "outline": "none",
                      "overflow": "auto",
                      "padding": "20px",
                      "position": "absolute",
                      "right": "40px",
                      "top": "40px",
                    },
                    "overlay": Object {
                      "backgroundColor": "rgba(255, 255, 255, 0.75)",
                      "bottom": 0,
                      "left": 0,
                      "position": "fixed",
                      "right": 0,
                      "top": 0,
                    },
                  }
                }
                isOpen={true}
                onRequestClose={[Function]}
                overlayClassName="modal__overlay"
                parentSelector={[Function]}
                portalClassName="ReactModalPortal"
                role="dialog"
                shouldCloseOnEsc={true}
                shouldCloseOnOverlayClick={true}
                shouldFocusAfterRender={true}
                shouldReturnFocusAfterClose={true}
                style={
                  Object {
                    "content": Object {},
                    "overlay": Object {},
                  }
                }
              >
                <div
                  className="ReactModal__Overlay ReactModal__Overlay--after-open modal__overlay"
                  onClick={[Function]}
                  onMouseDown={[Function]}
                  style={Object {}}
                >
                  <div
                    className="ReactModal__Content ReactModal__Content--after-open c0 c1"
                    onClick={[Function]}
                    onKeyDown={[Function]}
                    onMouseDown={[Function]}
                    onMouseUp={[Function]}
                    role="dialog"
                    style={Object {}}
                    tabIndex="-1"
                  >
                    <styled.div>
                      <div
                        className="c2 c3"
                      >
                        <_default>
                          <svg
                            height="100"
                            width="100"
                            xmlns="http://www.w3.org/2000/svg"
                            xmlnsXlink="http://www.w3.org/1999/xlink"
                          >
                            <defs>
                              <circle
                                cx="50"
                                cy="50"
                                id="a"
                                r="50"
                              />
                            </defs>
                            <g
                              fill="none"
                              fillRule="evenodd"
                            >
                              <g>
                                <mask
                                  fill="#fff"
                                  id="b"
                                >
                                  <use
                                    xlinkHref="#a"
                                  />
                                </mask>
                                <g
                                  mask="url(#b)"
                                >
                                  <path
                                    d="M-8 100h126V0H-8z"
                                    fill="#99BDCD"
                                  />
                                </g>
                              </g>
                              <path
                                d="M70.224 21.607H30.076a2.989 2.989 0 0 0-2.998 2.983v50.37a2.967 2.967 0 0 0 .88 2.11c.066.064.138.131.214.19a2.988 2.988 0 0 0 1.904.683h40.148c1.657 0 3-1.336 3-2.982V24.59a2.99 2.99 0 0 0-3-2.984"
                                fill="#515658"
                              />
                              <path
                                d="M30.792 32.618V71.37a2.508 2.508 0 0 0 2.515 2.502h33.686a2.508 2.508 0 0 0 2.516-2.502V26.876a2.509 2.509 0 0 0-2.516-2.5H39.549l-8.757 8.242z"
                                fill="#FFF"
                              />
                              <path
                                d="M39.55 24.376v5.738a2.51 2.51 0 0 1-2.517 2.504h-6.241l8.757-8.242z"
                                fill="#C0C0BE"
                              />
                              <path
                                d="M50.152 23.008a.966.966 0 0 1-.971-.963c0-.534.434-.966.97-.966.535 0 .97.432.97.966a.967.967 0 0 1-.97.963m5.994-3.944h-3.612v-.663a2.375 2.375 0 0 0-2.381-2.368 2.374 2.374 0 0 0-2.384 2.368v.663h-3.61a3.217 3.217 0 0 0-3.226 3.207v3.856h18.437V22.27a3.216 3.216 0 0 0-3.224-3.207"
                                fill="#2F3237"
                              />
                              <path
                                d="M44.303 44.337h19.654v-2.173H44.303zM44.303 49.252h19.654V47.08H44.303zM44.303 54.167h19.654v-2.172H44.303zM44.303 59.083h19.654V56.91H44.303zM42.102 41.322h-4.025v3.858H42.102v-3.858zm-3.173 3.016h2.32v-2.173h-2.32v2.173zM42.102 46.237h-4.025v3.858H42.102v-3.858zm-3.173 3.015h2.32V47.08h-2.32v2.172zM42.102 51.152h-4.025V55.01H42.102V51.152zm-3.173 3.014h2.32v-2.17h-2.32v2.17zM42.102 56.068h-4.025v3.858H42.102v-3.858zm-3.173 3.015h2.32v-2.172h-2.32v2.172z"
                                fill="#A59D96"
                              />
                              <path
                                d="M38.107 41.08l2.172 2.456 3.057-3.904M38.107 46.116l2.172 2.457 3.057-3.904"
                                stroke="#2F3237"
                                strokeWidth="2.361"
                              />
                            </g>
                          </svg>
                        </_default>
                      </div>
                    </styled.div>
                    <styled.div
                      className="icon"
                    >
                      <div
                        className="c4 c5 icon"
                      >
                        <Styled(Lukknapp)
                          data-test-id="c-modal__close-button-id"
                          onClick={[Function]}
                        >
                          <Lukknapp
                            bla={false}
                            className="c6 c7"
                            data-test-id="c-modal__close-button-id"
                            hvit={false}
                            onClick={[Function]}
                            overstHjorne={false}
                          >
                            <button
                              className="lukknapp c6 c7"
                              data-test-id="c-modal__close-button-id"
                              onClick={[Function]}
                            >
                              <span
                                className="text-hide"
                              />
                            </button>
                          </Lukknapp>
                        </Styled(Lukknapp)>
                        <Component
                          data-test-id="a-buc-c-sedattachmentmodal__joarkbrowser-id"
                          existingItems={
                            Array [
                              Object {
                                "date": 1970-01-31T23:00:00.000Z,
                                "dokumentInfoId": "4",
                                "hasSubrows": false,
                                "journalpostId": "1",
                                "key": "1",
                                "tema": "tema",
                                "title": "title",
                                "type": "joark",
                                "variant": Object {
                                  "filnavn": "mockFilnavn",
                                  "variantformat": "mockVariant",
                                },
                              },
                            ]
                          }
                          mode="select"
                          onRowSelectChange={[Function]}
                          tableId="test-id"
                        >
                          <div
                            data-test-id="mock-joarkbrowser"
                          />
                        </Component>
                      </div>
                    </styled.div>
                    <styled.div>
                      <div
                        className="c8 c9"
                      >
                        <styled.div
                          key="0"
                        >
                          <div
                            className="c10 c11"
                          >
                            <Styled(Hovedknapp)
                              data-test-id="c-modal__button-id-0"
                              disabled={false}
                              id="c-modal__button-id-0"
                              key="buc:form-addSelectedAttachments"
                              onClick={[Function]}
                            >
                              <Hovedknapp
                                className="c12 c13"
                                data-test-id="c-modal__button-id-0"
                                disabled={false}
                                id="c-modal__button-id-0"
                                onClick={[Function]}
                              >
                                <KnappBase
                                  autoDisableVedSpinner={false}
                                  className="c12 c13"
                                  data-test-id="c-modal__button-id-0"
                                  disabled={false}
                                  htmlType="submit"
                                  id="c-modal__button-id-0"
                                  inaktivKlasseVedDisabled={false}
                                  kompakt={false}
                                  mini={false}
                                  onClick={[Function]}
                                  spinner={false}
                                  type="hoved"
                                >
                                  <button
                                    className="knapp c12 c13 knapp--hoved"
                                    data-test-id="c-modal__button-id-0"
                                    disabled={false}
                                    id="c-modal__button-id-0"
                                    onClick={[Function]}
                                    type="submit"
                                  >
                                    buc:form-addSelectedAttachments
                                  </button>
                                </KnappBase>
                              </Hovedknapp>
                            </Styled(Hovedknapp)>
                          </div>
                        </styled.div>
                        <styled.div
                          key="1"
                        >
                          <div
                            className="c10 c11"
                          >
                            <Styled(KnappBase)
                              data-test-id="c-modal__button-id-1"
                              disabled={false}
                              id="c-modal__button-id-1"
                              key="ui:cancel"
                              onClick={[Function]}
                            >
                              <KnappBase
                                autoDisableVedSpinner={false}
                                className="c14 c15"
                                data-test-id="c-modal__button-id-1"
                                disabled={false}
                                htmlType="submit"
                                id="c-modal__button-id-1"
                                inaktivKlasseVedDisabled={false}
                                kompakt={false}
                                mini={false}
                                onClick={[Function]}
                                spinner={false}
                                type="standard"
                              >
                                <button
                                  className="knapp c14 c15 knapp--standard"
                                  data-test-id="c-modal__button-id-1"
                                  disabled={false}
                                  id="c-modal__button-id-1"
                                  onClick={[Function]}
                                  type="submit"
                                >
                                  ui:cancel
                                </button>
                              </KnappBase>
                            </Styled(KnappBase)>
                          </div>
                        </styled.div>
                      </div>
                    </styled.div>
                  </div>
                </div>
              </ModalPortal>
            </Portal>
          </Modal>
        </Styled(Modal)>
      </Component>
    </Modal>
  </Component>
</SEDAttachmentModal>
`;
