// Jest Snapshot v1, https://goo.gl/fbAQLP

exports[`applications/BUC/components/BUCStart/BUCStart Render: match snapshot 1`] = `
.c10 .skjemaelement--feilmelding .multipleSelect--control {
  border: 1px solid;
}

ui-fss.g4[id="c9"] {
  content: "c10,";
}

.c1 {
  display: -webkit-box;
  display: -webkit-flex;
  display: -ms-flexbox;
  display: flex;
  margin-left: -0.5rem;
  margin-right: -0.5rem;
  -webkit-flex-direction: column;
  -ms-flex-direction: column;
  flex-direction: column;
}

ui-fss.g12[id="c0"] {
  content: "c1,";
}

.c3 {
  -webkit-flex: 1;
  -ms-flex: 1;
  flex: 1;
  margin-left: 0.5rem;
  margin-right: 0.5rem;
}

ui-fss.g16[id="c2"] {
  content: "c3,";
}

.c8 {
  display: inline-block;
  margin-left: 2rem;
}

.c11 {
  display: inline-block;
  margin-left: 1rem;
}

ui-fss.g22[id="c7"] {
  content: "c8,c11,";
}

.c5 {
  margin-bottom: 2rem;
}

.c6 {
  margin-bottom: 1rem;
}

ui-fss.g23[id="c4"] {
  content: "c5,c6,";
}

@media (min-width:768px) {
  .c1 {
    -webkit-flex-direction: row;
    -ms-flex-direction: row;
    flex-direction: row;
  }
}

<div
  data-testid="a_buc_c_BUCStart"
>
  <div
    class="c0 c1"
  >
    <div
      class="c2 c3"
    >
      <div
        class="c4 c5"
        size="2"
      />
      <label
        class="navds-text-field--label navds-label"
      >
        buc:form-chooseSubjectArea
      </label>
      <div
        class=""
        data-testid="a_buc_c_BUCStart--subjectarea-select-id"
      >
        <div
          class=" css-91gbow-container"
          id="a_buc_c_BUCStart--subjectarea-select-id"
        >
          <span
            class="css-1f43avz-a11yText-A11yText"
            id="react-select-2-live-region"
          />
          <span
            aria-atomic="false"
            aria-live="polite"
            aria-relevant="additions text"
            class="css-1f43avz-a11yText-A11yText"
          />
          <div
            class=" css-1q6azai-control"
          >
            <div
              class=" css-319lph-ValueContainer"
            >
              <div
                class=" css-173nacq-singleValue"
              >
                Pensjon
              </div>
              <div
                class=" css-6j8wv5-Input"
                data-value=""
              >
                <input
                  aria-autocomplete="list"
                  aria-expanded="false"
                  aria-haspopup="true"
                  autocapitalize="none"
                  autocomplete="off"
                  autocorrect="off"
                  class=""
                  id="a_buc_c_BUCStart--subjectarea-select-id"
                  role="combobox"
                  spellcheck="false"
                  style="opacity: 1; width: 100%; grid-area: 1 / 2; min-width: 2px; border: 0px; margin: 0px; outline: 0; padding: 0px;"
                  tabindex="0"
                  type="text"
                  value=""
                />
              </div>
            </div>
            <div
              class=" css-1hb7zxy-IndicatorsContainer"
            >
              <span
                class=" css-1pm5dtp-indicatorSeparator"
              />
              <div
                aria-hidden="true"
                class=" css-tlfecz-indicatorContainer"
              >
                <svg
                  aria-hidden="true"
                  class="css-tj5bde-Svg"
                  focusable="false"
                  height="20"
                  viewBox="0 0 20 20"
                  width="20"
                >
                  <path
                    d="M4.516 7.548c0.436-0.446 1.043-0.481 1.576 0l3.908 3.747 3.908-3.747c0.533-0.481 1.141-0.446 1.574 0 0.436 0.445 0.408 1.197 0 1.615-0.406 0.418-4.695 4.502-4.695 4.502-0.217 0.223-0.502 0.335-0.787 0.335s-0.57-0.112-0.789-0.335c0 0-4.287-4.084-4.695-4.502s-0.436-1.17 0-1.615z"
                  />
                </svg>
              </div>
            </div>
          </div>
        </div>
      </div>
      <div
        class="c4 c6"
      />
      <label
        class="navds-text-field--label navds-label"
      >
        buc:form-chooseBuc
      </label>
      <div
        class=""
        data-testid="a_buc_c_BUCStart--buc-select-id"
      >
        <div
          class=" css-91gbow-container"
          id="a_buc_c_BUCStart--buc-select-id"
        >
          <span
            class="css-1f43avz-a11yText-A11yText"
            id="react-select-3-live-region"
          />
          <span
            aria-atomic="false"
            aria-live="polite"
            aria-relevant="additions text"
            class="css-1f43avz-a11yText-A11yText"
          />
          <div
            class=" css-1q6azai-control"
          >
            <div
              class=" css-319lph-ValueContainer"
            >
              <div
                class=" css-14el2xx-placeholder"
                id="react-select-3-placeholder"
              />
              <div
                class=" css-6j8wv5-Input"
                data-value=""
              >
                <input
                  aria-autocomplete="list"
                  aria-describedby="react-select-3-placeholder"
                  aria-expanded="false"
                  aria-haspopup="true"
                  autocapitalize="none"
                  autocomplete="off"
                  autocorrect="off"
                  class=""
                  id="a_buc_c_BUCStart--buc-select-id"
                  role="combobox"
                  spellcheck="false"
                  style="opacity: 1; width: 100%; grid-area: 1 / 2; min-width: 2px; border: 0px; margin: 0px; outline: 0; padding: 0px;"
                  tabindex="0"
                  type="text"
                  value=""
                />
              </div>
            </div>
            <div
              class=" css-1hb7zxy-IndicatorsContainer"
            >
              <span
                class=" css-1pm5dtp-indicatorSeparator"
              />
              <div
                aria-hidden="true"
                class=" css-tlfecz-indicatorContainer"
              >
                <svg
                  aria-hidden="true"
                  class="css-tj5bde-Svg"
                  focusable="false"
                  height="20"
                  viewBox="0 0 20 20"
                  width="20"
                >
                  <path
                    d="M4.516 7.548c0.436-0.446 1.043-0.481 1.576 0l3.908 3.747 3.908-3.747c0.533-0.481 1.141-0.446 1.574 0 0.436 0.445 0.408 1.197 0 1.615-0.406 0.418-4.695 4.502-4.695 4.502-0.217 0.223-0.502 0.335-0.787 0.335s-0.57-0.112-0.789-0.335c0 0-4.287-4.084-4.695-4.502s-0.436-1.17 0-1.615z"
                  />
                </svg>
              </div>
            </div>
          </div>
        </div>
      </div>
    </div>
    <div
      class="c7 c8"
      size="2"
    />
    <div
      class="c2 c3"
    >
      <div
        class="c4 c5"
        size="2"
      />
      <div
        class="c9 c10"
      >
        <label
          class="navds-text-field--label navds-label"
          for="a_buc_c_BUCStart--tags-select-id"
        >
          <label
            class="navds-text-field--label navds-label"
          >
            buc:form-tagsForBUC
          </label>
          <div
            class="c4 c6"
          />
          <p
            class="navds-body-long"
          >
            buc:form-tagsForBUC-description
          </p>
        </label>
        <div
          class="multipleSelect css-91gbow-container"
        >
          <span
            class="css-1f43avz-a11yText-A11yText"
            id="react-select-4-live-region"
          />
          <span
            aria-atomic="false"
            aria-live="polite"
            aria-relevant="additions text"
            class="css-1f43avz-a11yText-A11yText"
          />
          <div
            class="multipleSelect__control css-1q6azai-control"
          >
            <div
              class="multipleSelect__value-container multipleSelect__value-container--is-multi css-319lph-ValueContainer"
            >
              <div
                class="multipleSelect__placeholder css-14el2xx-placeholder"
                id="react-select-4-placeholder"
              />
              <div
                class="multipleSelect__input-container css-6j8wv5-Input"
                data-value=""
              >
                <input
                  aria-autocomplete="list"
                  aria-describedby="react-select-4-placeholder"
                  aria-expanded="false"
                  aria-haspopup="true"
                  aria-label="buc:form-tagsForBUC"
                  autocapitalize="none"
                  autocomplete="off"
                  autocorrect="off"
                  class="multipleSelect__input"
                  id="a_buc_c_BUCStart--tags-select-id"
                  role="combobox"
                  spellcheck="false"
                  style="opacity: 1; width: 100%; grid-area: 1 / 2; min-width: 2px; border: 0px; margin: 0px; outline: 0; padding: 0px;"
                  tabindex="0"
                  type="text"
                  value=""
                />
              </div>
            </div>
            <div
              class="multipleSelect__indicators css-1hb7zxy-IndicatorsContainer"
            >
              <span
                class="multipleSelect__indicator-separator css-141yg44-indicatorSeparator"
              />
              <div
                aria-hidden="true"
                class="multipleSelect__indicator multipleSelect__dropdown-indicator css-tlfecz-indicatorContainer"
              >
                <svg
                  aria-hidden="true"
                  class="css-tj5bde-Svg"
                  focusable="false"
                  height="20"
                  viewBox="0 0 20 20"
                  width="20"
                >
                  <path
                    d="M4.516 7.548c0.436-0.446 1.043-0.481 1.576 0l3.908 3.747 3.908-3.747c0.533-0.481 1.141-0.446 1.574 0 0.436 0.445 0.408 1.197 0 1.615-0.406 0.418-4.695 4.502-4.695 4.502-0.217 0.223-0.502 0.335-0.787 0.335s-0.57-0.112-0.789-0.335c0 0-4.287-4.084-4.695-4.502s-0.436-1.17 0-1.615z"
                  />
                </svg>
              </div>
            </div>
          </div>
        </div>
      </div>
    </div>
  </div>
  <div
    class="c4 c5"
    size="2"
  />
  <div
    data-testid="a_buc_c_BUCStart--buttons-id"
  >
    <button
      class="navds-button navds-button--primary navds-button--medium"
      data-amplitude="buc.new.create"
      data-testid="a_buc_c_BUCStart--forward-button-id"
    >
      <span
        aria-live="polite"
        class="navds-label"
      >
        buc:form-createCaseinRINA
      </span>
    </button>
    <div
      class="c7 c11"
    />
    <button
      class="navds-button navds-button--tertiary navds-button--medium"
      data-amplitude="buc.new.cancel"
      data-testid="a_buc_c_BUCStart--cancel-button-id"
    >
      <span
        aria-live="polite"
        class="navds-label"
      >
        ui:cancel
      </span>
    </button>
  </div>
  <div
    class="c4 c6"
  />
</div>
`;
