// Jest Snapshot v1, https://goo.gl/fbAQLP

exports[`applications/PersonPanel/PersonBody Render: match snapshot 1`] = `
.c13 {
  margin: 0.3rem;
  color: var(--navds-semantic-color-text);
}

ui-fss.g1[id="c12"] {
  content: "c13,";
}

.c15 {
  display: inline-block;
}

ui-fss.g2[id="c14"] {
  content: "c15,";
}

.c2 {
  display: -webkit-box;
  display: -webkit-flex;
  display: -ms-flexbox;
  display: flex;
  margin-left: -0.5rem;
  margin-right: -0.5rem;
  -webkit-flex-direction: column;
  -ms-flex-direction: column;
  flex-direction: column;
}

ui-fss.g10[id="c0"] {
  content: "c2,";
}

.c6 {
  -webkit-flex: 1;
  -ms-flex: 1;
  flex: 1;
  margin-left: 0.5rem;
  margin-right: 0.5rem;
}

ui-fss.g14[id="c4"] {
  content: "c6,";
}

.c17 {
  display: inline-block;
  margin-left: 1rem;
}

ui-fss.g19[id="c16"] {
  content: "c17,";
}

.c9 {
  display: inline-block;
  margin-left: 1rem;
}

ui-fss.g20[id="c8"] {
  content: "c9,";
}

.c19 {
  height: 1px;
  background: linear-gradient(90deg,var(--navds-semantic-color-canvas-background) 0%,var(--navds-semantic-color-border) 5%,var(--navds-semantic-color-border) 95%,var(--navds-semantic-color-canvas-background) 100% );
  width: -webkit-fill-available;
  margin-left: 2rem;
  margin-right: 2rem;
}

ui-fss.g45[id="c18"] {
  content: "c19,";
}

.c11 {
  display: -webkit-box;
  display: -webkit-flex;
  display: -ms-flexbox;
  display: flex;
  -webkit-align-items: baseline;
  -webkit-box-align: baseline;
  -ms-flex-align: baseline;
  align-items: baseline;
}

ui-fss.g46[id="c10"] {
  content: "c11,";
}

.c3 {
  margin: 1.5rem;
  display: -webkit-box;
  display: -webkit-flex;
  display: -ms-flexbox;
  display: flex;
}

ui-fss.g47[id="c1"] {
  content: "c3,";
}

.c7 {
  display: -webkit-box;
  display: -webkit-flex;
  display: -ms-flexbox;
  display: flex;
  -webkit-align-items: flex-start;
  -webkit-box-align: flex-start;
  -ms-flex-align: flex-start;
  align-items: flex-start;
  margin-bottom: 0.5rem;
}

ui-fss.g48[id="c5"] {
  content: "c7,";
}

@media (min-width:768px) {
  .c2 {
    -webkit-flex-direction: row;
    -ms-flex-direction: row;
    flex-direction: row;
  }
}

<div
  class=""
>
  <div
    class="c0 c1 c2 c3"
  >
    <div
      class="c4 c5 c6 c7"
    >
      <svg
        fill="none"
        focusable="false"
        height="1em"
        role="img"
        viewBox="0 0 24 24"
        width="1em"
        xmlns="http://www.w3.org/2000/svg"
      >
        <path
          clip-rule="evenodd"
          d="m12 0 10 10v14h-9v-6h-2v6H2V10L12 0Zm0 2.829-8 7.999V22h5v-6h6v6h5V10.829l-8-8Z"
          fill="currentColor"
          fill-rule="evenodd"
        />
      </svg>
      <div
        class="c8 c9"
      />
      <div
        class="c10 c11"
        id="w-overview-PersonBody--element-bostedsadresse"
      >
        <p
          class="navds-detail"
        >
          <strong>
            ui:bostedsadresse
          </strong>
          :
        </p>
        <div
          class="c8 c9"
        />
        <div
          class="navds-body-long"
        >
          <div
            aria-hidden="true"
            class="navds-popover navds-popover--hidden"
            data-placement="right"
            style="position: absolute; top: 0px; left: 0px;"
            tabindex="-1"
          >
            <div
              class="c12 c13"
            >
              <span>
                ui:fram-og-til
              </span>
            </div>
            <div
              class="navds-popover__arrow"
              style="left: -0.5rem;"
            />
          </div>
          <div
            class="c14 c15"
            id="dcfe61d9-94d0-467c-bba9-782d8d10eb94"
          >
            <span>
              01.01.2020 - 01.01.2021
            </span>
          </div>
          <br />
          <div
            aria-hidden="true"
            class="navds-popover navds-popover--hidden"
            data-placement="right"
            style="position: absolute; top: 0px; left: 0px;"
            tabindex="-1"
          >
            <div
              class="c12 c13"
            >
              <span>
                ui:adressenavn
              </span>
            </div>
            <div
              class="navds-popover__arrow"
              style="left: -0.5rem;"
            />
          </div>
          <div
            class="c14 c15"
            id="51b24c6d-9c3e-4a48-bcc4-e7198ace21a0"
          >
            <span>
              Adressenavn
            </span>
          </div>
          <span
            class="c16 c17"
          />
          <div
            aria-hidden="true"
            class="navds-popover navds-popover--hidden"
            data-placement="right"
            style="position: absolute; top: 0px; left: 0px;"
            tabindex="-1"
          >
            <div
              class="c12 c13"
            >
              <span>
                ui:husnummer
              </span>
            </div>
            <div
              class="navds-popover__arrow"
              style="left: -0.5rem;"
            />
          </div>
          <div
            class="c14 c15"
            id="fc55ce70-1170-4193-a4f5-842891fe91a8"
          >
            <span>
              00
            </span>
          </div>
          <span
            class="c16 c17"
          />
          <div
            aria-hidden="true"
            class="navds-popover navds-popover--hidden"
            data-placement="right"
            style="position: absolute; top: 0px; left: 0px;"
            tabindex="-1"
          >
            <div
              class="c12 c13"
            >
              <span>
                ui:husbokstav
              </span>
            </div>
            <div
              class="navds-popover__arrow"
              style="left: -0.5rem;"
            />
          </div>
          <div
            class="c14 c15"
            id="f0fadca5-3ed1-4b25-9cf7-76060b11da3c"
          >
            <span>
              A
            </span>
          </div>
          <br />
          <div
            aria-hidden="true"
            class="navds-popover navds-popover--hidden"
            data-placement="right"
            style="position: absolute; top: 0px; left: 0px;"
            tabindex="-1"
          >
            <div
              class="c12 c13"
            >
              <span>
                ui:poststed
              </span>
            </div>
            <div
              class="navds-popover__arrow"
              style="left: -0.5rem;"
            />
          </div>
          <div
            class="c14 c15"
            id="0157d0a9-677f-437c-a110-b83fabd78b4b"
          >
            <span>
              0768
            </span>
          </div>
          <span
            class="c16 c17"
          />
          <div
            aria-hidden="true"
            class="navds-popover navds-popover--hidden"
            data-placement="right"
            style="position: absolute; top: 0px; left: 0px;"
            tabindex="-1"
          >
            <div
              class="c12 c13"
            >
              <span>
                ui:city
              </span>
            </div>
            <div
              class="navds-popover__arrow"
              style="left: -0.5rem;"
            />
          </div>
          <div
            class="c14 c15"
            id="8712f926-9db7-4dbd-bdba-13e294bfe6e3"
          >
            <span>
              OSLO
            </span>
          </div>
          <br />
        </div>
      </div>
    </div>
    <div
      class="c4 c5 c6 c7"
    >
      <svg
        fill="none"
        focusable="false"
        height="1em"
        role="img"
        viewBox="0 0 24 24"
        width="1em"
        xmlns="http://www.w3.org/2000/svg"
      >
        <path
          clip-rule="evenodd"
          d="M6 7V5H2v5h20V5h-4v2a1 1 0 1 1-2 0V5H8v2a1 1 0 1 1-2 0Zm10-4H8V1a1 1 0 1 0-2 0v2H2a2 2 0 0 0-2 2v17a2 2 0 0 0 2 2h20a2 2 0 0 0 2-2V5a2 2 0 0 0-2-2h-4V1a1 1 0 1 0-2 0v2ZM2 12v10h20V12H2Zm6 3a1 1 0 0 0-1-1H5a1 1 0 1 0 0 2h2a1 1 0 0 0 1-1Zm-1 3a1 1 0 1 1 0 2H5a1 1 0 1 1 0-2h2Zm6-4h-2a1 1 0 1 0 0 2h2a1 1 0 1 0 0-2Zm-2 4h2a1 1 0 1 1 0 2h-2a1 1 0 1 1 0-2Zm9-3a1 1 0 0 0-1-1h-2a1 1 0 1 0 0 2h2a1 1 0 0 0 1-1Zm-4 4a1 1 0 0 1 1-1h2a1 1 0 1 1 0 2h-2a1 1 0 0 1-1-1Z"
          fill="currentColor"
          fill-rule="evenodd"
        />
      </svg>
      <div
        class="c8 c9"
      />
      <div
        class="c10 c11"
        id="w-overview-PersonBody--element-birthdate"
      >
        <p
          class="navds-detail"
        >
          <strong>
            ui:birthdate
          </strong>
          :
        </p>
        <div
          class="c8 c9"
        />
        <div
          class="navds-body-long"
        >
          09.02.1980
        </div>
      </div>
    </div>
    <div
      class="c4 c5 c6 c7"
    >
      <svg
        fill="none"
        focusable="false"
        height="1em"
        role="img"
        viewBox="0 0 24 24"
        width="1em"
        xmlns="http://www.w3.org/2000/svg"
      >
        <path
          clip-rule="evenodd"
          d="M19 2H5v20h14V2ZM3 0v24h18V0H3Zm10 7a1 1 0 1 1-2 0 1 1 0 0 1 2 0Zm2 0a3 3 0 1 1-6 0 3 3 0 0 1 6 0Zm-3 3c1.08 0 2.092.401 2.835 1.159.704.717 1.117 1.703 1.161 2.841H16v.205h-2c0-.758-.252-1.299-.593-1.646C13.065 12.21 12.577 12 12 12c-.578 0-1.065.21-1.407.56-.34.346-.593.887-.593 1.645H8V14h.004c.044-1.138.457-2.124 1.16-2.841C9.909 10.4 10.922 10 12 10Zm-5 7v2h10v-2H7Z"
          fill="currentColor"
          fill-rule="evenodd"
        />
      </svg>
      <div
        class="c8 c9"
      />
      <div
        class="c10 c11"
        id="w-overview-PersonBody--element-nationality"
      >
        <p
          class="navds-detail"
        >
          <strong>
            ui:nationality
          </strong>
          :
        </p>
        <div
          class="c8 c9"
        />
        <div
          class="navds-body-long"
        >
          Norge (09.02.1980)
        </div>
      </div>
    </div>
  </div>
  <div
    class="c18 c19"
  />
  <div
    class="c0 c1 c2 c3"
  >
    <div
      class="c4 c5 c6 c7"
    >
      <svg
        fill="none"
        focusable="false"
        height="1em"
        role="img"
        viewBox="0 0 24 24"
        width="1em"
        xmlns="http://www.w3.org/2000/svg"
      >
        <path
          clip-rule="evenodd"
          d="M12 0c6.627 0 12 5.373 12 12 0 1.707-.356 3.33-.999 4.801L23 17l-.089.001C21.015 21.131 16.842 24 12 24c-4.843 0-9.015-2.868-10.911-6.999L1 17v-.196A11.96 11.96 0 0 1 0 12C0 5.373 5.373 0 12 0Zm2.503 17.001H9.497C10.12 20.016 11.207 22 12 22c.793 0 1.88-1.984 2.503-4.999Zm-7.05 0H3.339a10.028 10.028 0 0 0 5.623 4.529c-.644-1.185-1.165-2.738-1.507-4.53Zm13.209 0h-4.115c-.343 1.79-.864 3.344-1.508 4.53A10.03 10.03 0 0 0 20.662 17Zm-13.593-7L2.2 10a10.046 10.046 0 0 0 .258 5h4.7a28.7 28.7 0 0 1-.088-5Zm7.854 0H9.077a25.939 25.939 0 0 0 .098 5h5.65a25.716 25.716 0 0 0 .098-5ZM21.8 10h-4.87a28.732 28.732 0 0 1-.088 5h4.7a10.052 10.052 0 0 0 .258-5ZM8.961 2.47l-.172.057A10.03 10.03 0 0 0 2.832 8h4.452c.305-2.067.838-3.873 1.527-5.244l.15-.287ZM12 2c-.878 0-2.115 2.43-2.687 6h5.374c-.557-3.473-1.743-5.869-2.616-5.995L12 2Zm3.039.47.043.08c.74 1.394 1.314 3.279 1.633 5.45h4.453a10.029 10.029 0 0 0-6.13-5.53Z"
          fill="currentColor"
          fill-rule="evenodd"
        />
      </svg>
      <div
        class="c8 c9"
      />
      <div
        class="c10 c11"
        id="w-overview-PersonBody--element-oppholdsadresse"
      >
        <p
          class="navds-detail"
        >
          <strong>
            ui:oppholdsadresse
          </strong>
          :
        </p>
        <div
          class="c8 c9"
        />
        <div
          class="navds-body-long"
        >
          <div
            aria-hidden="true"
            class="navds-popover navds-popover--hidden"
            data-placement="right"
            style="position: absolute; top: 0px; left: 0px;"
            tabindex="-1"
          >
            <div
              class="c12 c13"
            >
              <span>
                ui:fram-og-til
              </span>
            </div>
            <div
              class="navds-popover__arrow"
              style="left: -0.5rem;"
            />
          </div>
          <div
            class="c14 c15"
            id="15e756c8-6070-4958-91da-c3c32a947b1b"
          >
            <span>
              01.01.2022 - 01.01.2023
            </span>
          </div>
          <br />
          <div
            aria-hidden="true"
            class="navds-popover navds-popover--hidden"
            data-placement="right"
            style="position: absolute; top: 0px; left: 0px;"
            tabindex="-1"
          >
            <div
              class="c12 c13"
            >
              <span>
                ui:adressenavn
              </span>
            </div>
            <div
              class="navds-popover__arrow"
              style="left: -0.5rem;"
            />
          </div>
          <div
            class="c14 c15"
            id="b1dab881-b1b4-4729-8bac-0d85251ae9dd"
          >
            <span>
              Adressenavn2
            </span>
          </div>
          <span
            class="c16 c17"
          />
          <div
            aria-hidden="true"
            class="navds-popover navds-popover--hidden"
            data-placement="right"
            style="position: absolute; top: 0px; left: 0px;"
            tabindex="-1"
          >
            <div
              class="c12 c13"
            >
              <span>
                ui:husnummer
              </span>
            </div>
            <div
              class="navds-popover__arrow"
              style="left: -0.5rem;"
            />
          </div>
          <div
            class="c14 c15"
            id="f0101045-d1b8-4caa-bc16-d9713f90db4a"
          >
            <span>
              01
            </span>
          </div>
          <span
            class="c16 c17"
          />
          <div
            aria-hidden="true"
            class="navds-popover navds-popover--hidden"
            data-placement="right"
            style="position: absolute; top: 0px; left: 0px;"
            tabindex="-1"
          >
            <div
              class="c12 c13"
            >
              <span>
                ui:husbokstav
              </span>
            </div>
            <div
              class="navds-popover__arrow"
              style="left: -0.5rem;"
            />
          </div>
          <div
            class="c14 c15"
            id="2d098ade-462b-486b-8c00-a3b1c248ccc2"
          >
            <span>
              B
            </span>
          </div>
          <br />
          <div
            aria-hidden="true"
            class="navds-popover navds-popover--hidden"
            data-placement="right"
            style="position: absolute; top: 0px; left: 0px;"
            tabindex="-1"
          >
            <div
              class="c12 c13"
            >
              <span>
                ui:poststed
              </span>
            </div>
            <div
              class="navds-popover__arrow"
              style="left: -0.5rem;"
            />
          </div>
          <div
            class="c14 c15"
            id="c172473e-5a4d-44a9-a780-a22e04a08d21"
          >
            <span>
              0768
            </span>
          </div>
          <span
            class="c16 c17"
          />
          <div
            aria-hidden="true"
            class="navds-popover navds-popover--hidden"
            data-placement="right"
            style="position: absolute; top: 0px; left: 0px;"
            tabindex="-1"
          >
            <div
              class="c12 c13"
            >
              <span>
                ui:city
              </span>
            </div>
            <div
              class="navds-popover__arrow"
              style="left: -0.5rem;"
            />
          </div>
          <div
            class="c14 c15"
            id="d6a104a6-fc6a-4765-b62b-d21f9cd58695"
          >
            <span>
              OSLO
            </span>
          </div>
          <br />
        </div>
      </div>
    </div>
    <div
      class="c4 c5 c6 c7"
    >
      <svg
        fill="none"
        focusable="false"
        height="1em"
        role="img"
        viewBox="0 0 24 24"
        width="1em"
        xmlns="http://www.w3.org/2000/svg"
      >
        <path
          clip-rule="evenodd"
          d="M17 1c3.866 0 7 3.283 7 7.333a7.486 7.486 0 0 1-2.103 5.24l.103-.002L12 23 2 13.571l.103.002A7.486 7.486 0 0 1 0 8.333C0 4.283 3.134 1 7 1c1.959 0 3.73.843 5 2.202C13.27 1.843 15.042 1 17 1Zm0 2c-1.26 0-2.445.498-3.359 1.385l-.179.182-1.46 1.564-1.462-1.563C9.603 3.566 8.344 3 7 3 4.26 3 2 5.368 2 8.333c0 1.383.494 2.674 1.357 3.653l.178.191 1.102 1.131L12 20.25l7.362-6.942 1.103-1.13a5.469 5.469 0 0 0 1.529-3.57L22 8.334C22 5.368 19.74 3 17 3Z"
          fill="currentColor"
          fill-rule="evenodd"
        />
      </svg>
      <div
        class="c8 c9"
      />
      <div
        class="c10 c11"
        id="w-overview-PersonBody--element-marital-status"
      >
        <p
          class="navds-detail"
        >
          <strong>
            ui:marital-status
          </strong>
          :
        </p>
        <div
          class="c8 c9"
        />
        <div
          class="navds-body-long"
        >
          Gift (10.10.2007)
        </div>
      </div>
    </div>
    <div
      class="c4 c5 c6 c7"
    />
  </div>
  <div
    class="c18 c19"
  />
  <div
    class="c0 c1 c2 c3"
  >
    <div
      class="c4 c5 c6 c7"
    >
      <svg
        fill="none"
        focusable="false"
        height="1em"
        role="img"
        viewBox="0 0 24 24"
        width="1em"
        xmlns="http://www.w3.org/2000/svg"
      >
        <path
          clip-rule="evenodd"
          d="M9 7a3 3 0 1 1 6 0 3 3 0 0 1-6 0Zm3-5a5 5 0 1 0 0 10 5 5 0 0 0 0-10ZM6 21a6 6 0 0 1 12 0v1h2v-1a8 8 0 1 0-16 0v1h2v-1Z"
          fill="currentColor"
          fill-rule="evenodd"
        />
      </svg>
      <div
        class="c8 c9"
      />
      <p
        class="navds-detail navds-detail--small"
      >
        <strong>
          ui:deceased
        </strong>
        :
      </p>
      <div>
        <div
          class="c10 c11"
          id="w-overview-PersonBody--element-deceased"
        >
          <div
            class="c8 c9"
          />
          <p
            class="navds-body-long"
          >
            MOR AVDØD1 - personFarFnr (buc:relasjon-MOR)
          </p>
        </div>
      </div>
    </div>
    <div
      class="c4 c5 c6 c7"
    />
  </div>
</div>
`;

exports[`applications/PersonPanel/PersonBody Render: returns empty with no person 1`] = `null`;
