// Jest Snapshot v1, https://goo.gl/fbAQLP

exports[`components/Alert/Alert Renders 1`] = `
<Alert
  error={Object {}}
  message="mockErrorMessage"
  onClose={[MockFunction]}
  status="OK"
  type="server"
>
  <AlertStripe
    className="c-alert c-alert__type-server c-alert__status-OK"
    form="default"
    size="1.5em"
    type="suksess"
  >
    <div
      className="alertstripe c-alert c-alert__type-server c-alert__status-OK alertstripe--suksess"
    >
      <span
        className="alertstripe__ikon"
      >
        <span
          className="sr-only"
        >
          suksess
        </span>
        <Icon
          kind="ok-sirkel-fyll"
          size="1.5em"
        >
          <svg
            focusable="false"
            height="1.5em"
            kind="ok-sirkel-fyll"
            viewBox="0 0 24 24"
            width="1.5em"
          >
            <g
              fill="none"
              fillRule="nonzero"
            >
              <path
                d="M12 0C5.383 0 0 5.384 0 12s5.383 12 12 12c6.616 0 12-5.384 12-12S18.616 0 12 0z"
                fill="#1C6937"
              />
              <path
                d="M9.64 14.441l6.46-5.839a.997.997 0 0 1 1.376.044.923.923 0 0 1-.046 1.334l-7.15 6.464a.993.993 0 0 1-.662.252.992.992 0 0 1-.69-.276l-2.382-2.308a.923.923 0 0 1 0-1.334.997.997 0 0 1 1.377 0l1.717 1.663z"
                fill="#FFF"
              />
            </g>
          </svg>
        </Icon>
      </span>
      <Normaltekst
        className="alertstripe__tekst"
        tag="div"
      >
        <TypografiBase
          className="alertstripe__tekst"
          tag="div"
          type="normaltekst"
        >
          <div
            className="typo-normal alertstripe__tekst"
          >
            mockErrorMessage
            <Icons
              className="closeIcon"
              kind="solidclose"
              onClick={[Function]}
            >
              <FontAwesomeIcon
                border={false}
                className="closeIcon"
                fixedWidth={false}
                flip={null}
                icon={
                  Object {
                    "icon": Array [
                      512,
                      512,
                      Array [],
                      "f057",
                      "M256 8C119 8 8 119 8 256s111 248 248 248 248-111 248-248S393 8 256 8zm121.6 313.1c4.7 4.7 4.7 12.3 0 17L338 377.6c-4.7 4.7-12.3 4.7-17 0L256 312l-65.1 65.6c-4.7 4.7-12.3 4.7-17 0L134.4 338c-4.7-4.7-4.7-12.3 0-17l65.6-65-65.6-65.1c-4.7-4.7-4.7-12.3 0-17l39.6-39.6c4.7-4.7 12.3-4.7 17 0l65 65.7 65.1-65.6c4.7-4.7 12.3-4.7 17 0l39.6 39.6c4.7 4.7 4.7 12.3 0 17L312 256l65.6 65.1z",
                    ],
                    "iconName": "times-circle",
                    "prefix": "fas",
                  }
                }
                inverse={false}
                kind="solidclose"
                listItem={false}
                mask={null}
                onClick={[Function]}
                pull={null}
                pulse={false}
                rotation={null}
                size="1x"
                spin={false}
                swapOpacity={false}
                symbol={false}
                title=""
                transform={null}
              >
                <svg
                  aria-hidden="true"
                  className="svg-inline--fa fa-times-circle fa-w-16 fa-1x closeIcon"
                  data-icon="times-circle"
                  data-prefix="fas"
                  focusable="false"
                  kind="solidclose"
                  onClick={[Function]}
                  role="img"
                  style={Object {}}
                  viewBox="0 0 512 512"
                  xmlns="http://www.w3.org/2000/svg"
                >
                  <path
                    d="M256 8C119 8 8 119 8 256s111 248 248 248 248-111 248-248S393 8 256 8zm121.6 313.1c4.7 4.7 4.7 12.3 0 17L338 377.6c-4.7 4.7-12.3 4.7-17 0L256 312l-65.1 65.6c-4.7 4.7-12.3 4.7-17 0L134.4 338c-4.7-4.7-4.7-12.3 0-17l65.6-65-65.6-65.1c-4.7-4.7-4.7-12.3 0-17l39.6-39.6c4.7-4.7 12.3-4.7 17 0l65 65.7 65.1-65.6c4.7-4.7 12.3-4.7 17 0l39.6 39.6c4.7 4.7 4.7 12.3 0 17L312 256l65.6 65.1z"
                    fill="currentColor"
                    style={Object {}}
                  />
                </svg>
              </FontAwesomeIcon>
            </Icons>
          </div>
        </TypografiBase>
      </Normaltekst>
    </div>
  </AlertStripe>
</Alert>
`;
