// Jest Snapshot v1, https://goo.gl/fbAQLP

exports[`applications/BUC/components/SEDAttachments/SEDAttachments Renders 1`] = `
<SEDAttachments
  files={Object {}}
  initialMode="view"
  onFilesChange={[MockFunction]}
  onOpen={[MockFunction]}
  onSubmit={[MockFunction]}
  open={true}
>
  <styled.div
    data-testId="a-buc-c-sedattachments"
  >
    <div
      className="sc-AxiKw bOTXee"
      data-testId="a-buc-c-sedattachments"
    >
      <Component
        files={Array []}
        mode="view"
        onFilesChange={[Function]}
      >
        <div
          className="mock-joarkbrowser"
          onClick={[Function]}
        />
      </Component>
      <styled.div
        data-size="1.5"
      >
        <div
          className="sc-AxjAm fIaKoH"
          data-size="1.5"
        />
      </styled.div>
      <Hovedknapp
        className="a-buc-c-sedattachments__upload-button"
        disabled={true}
        id="a-buc-c-sedattachments__upload-button-id"
        onClick={[Function]}
      >
        <KnappBase
          autoDisableVedSpinner={false}
          className="a-buc-c-sedattachments__upload-button"
          disabled={true}
          htmlType="submit"
          id="a-buc-c-sedattachments__upload-button-id"
          inaktivKlasseVedDisabled={false}
          kompakt={false}
          mini={false}
          onClick={[Function]}
          spinner={false}
          type="hoved"
        >
          <button
            className="knapp a-buc-c-sedattachments__upload-button knapp--hoved knapp--disabled"
            disabled={true}
            id="a-buc-c-sedattachments__upload-button-id"
            onClick={[Function]}
            type="submit"
          >
            buc:form-addSelectedAttachments
          </button>
        </KnappBase>
      </Hovedknapp>
    </div>
  </styled.div>
</SEDAttachments>
`;
